
> auto-repuestos-backend@1.0.0 test:verbose
> cross-env NODE_ENV=test jest --runInBand --detectOpenHandles --forceExit --verbose

node.exe : (node:13568) [MONGOOSE] DeprecationWarning: Mongoose: the `strictQuery` option will be 
switched back to `false` by default in Mongoose 7. Use `mongoose.set('strictQuery', false);` if 
you want to prepare for this change. Or use `mongoose.set('strictQuery', true);` to suppress this 
warning.
En C:\Program Files\nodejs\npm.ps1: 29 Carácter: 3
+   & $NODE_EXE $NPM_CLI_JS $args
+   ~~~~~~~~~~~~~~~~~~~~~~~~~~~~~
    + CategoryInfo          : NotSpecified: ((node:13568) [M...s this warning.:String) [], Remote 
   Exception
    + FullyQualifiedErrorId : NativeCommandError
 
(Use `node --trace-deprecation ...` to show where the warning was created)
  console.log
    Ô£à Conexi├│n a MongoDB de pruebas establecida

      at Object.log (tests/setup.js:16:13)

  console.log
    Token decodificado: { id: '6860cdf323a70b7ee069f7ed', iat: 1751174643, exp: 1753766643 }

      at log (middleware/auth.js:33:13)

  console.log
    Token decodificado: { id: '6860cdf423a70b7ee069f808', iat: 1751174644, exp: 1753766644 }

      at log (middleware/auth.js:33:13)

  console.log
    Token decodificado: { id: '6860cdf423a70b7ee069f811', iat: 1751174644, exp: 1753766644 }

      at log (middleware/auth.js:33:13)

  console.error
    Error al crear producto: Error: Product validation failed: sku: Por favor ingrese el SKU, brand: Por favor ingrese una marca, category: Por favor seleccione una categor├¡a, stockQuantity: Por favor ingrese la cantidad en stock, price: Por favor ingrese un precio, description: Por favor ingrese una descripci├│n
        at ValidationError.inspect (C:\Users\shark\OneDrive\Escritorio\autopartsduoc\server\node_modules\mongoose\lib\error\validation.js:50:26)
        at formatValue (node:internal/util/inspect:877:19)
        at inspect (node:internal/util/inspect:404:10)
        at formatWithOptionsInternal (node:internal/util/inspect:2402:40)
        at format (node:internal/util/inspect:2259:10)
        at console.error (C:\Users\shark\OneDrive\Escritorio\autopartsduoc\server\node_modules\@jest\console\build\CustomConsole.js:112:48)
        at error (C:\Users\shark\OneDrive\Escritorio\autopartsduoc\server\controllers\product.controller.js:498:13)
        at processTicksAndRejections (node:internal/process/task_queues:105:5) {
      errors: {
        sku: ValidatorError: Por favor ingrese el SKU
            at validate (C:\Users\shark\OneDrive\Escritorio\autopartsduoc\server\node_modules\mongoose\lib\schematype.js:1347:13)
            at SchemaString.Object.<anonymous>.SchemaType.doValidate (C:\Users\shark\OneDrive\Escritorio\autopartsduoc\server\node_modules\mongoose\lib\schematype.js:1331:7)
            at C:\Users\shark\OneDrive\Escritorio\autopartsduoc\server\node_modules\mongoose\lib\document.js:2977:18
            at processTicksAndRejections (node:internal/process/task_queues:85:11) {
          properties: [Object],
          kind: 'required',
          path: 'sku',
          value: undefined,
          reason: undefined,
          [Symbol(mongoose:validatorError)]: true
        },
        brand: ValidatorError: Por favor ingrese una marca
            at validate (C:\Users\shark\OneDrive\Escritorio\autopartsduoc\server\node_modules\mongoose\lib\schematype.js:1347:13)
            at SchemaString.Object.<anonymous>.SchemaType.doValidate (C:\Users\shark\OneDrive\Escritorio\autopartsduoc\server\node_modules\mongoose\lib\schematype.js:1331:7)
            at C:\Users\shark\OneDrive\Escritorio\autopartsduoc\server\node_modules\mongoose\lib\document.js:2977:18
            at processTicksAndRejections (node:internal/process/task_queues:85:11) {
          properties: [Object],
          kind: 'required',
          path: 'brand',
          value: undefined,
          reason: undefined,
          [Symbol(mongoose:validatorError)]: true
        },
        category: ValidatorError: Por favor seleccione una categor├¡a
            at validate (C:\Users\shark\OneDrive\Escritorio\autopartsduoc\server\node_modules\mongoose\lib\schematype.js:1347:13)
            at ObjectId.Object.<anonymous>.SchemaType.doValidate (C:\Users\shark\OneDrive\Escritorio\autopartsduoc\server\node_modules\mongoose\lib\schematype.js:1331:7)
            at C:\Users\shark\OneDrive\Escritorio\autopartsduoc\server\node_modules\mongoose\lib\document.js:2977:18
            at processTicksAndRejections (node:internal/process/task_queues:85:11) {
          properties: [Object],
          kind: 'required',
          path: 'category',
          value: undefined,
          reason: undefined,
          [Symbol(mongoose:validatorError)]: true
        },
        stockQuantity: ValidatorError: Por favor ingrese la cantidad en stock
            at validate (C:\Users\shark\OneDrive\Escritorio\autopartsduoc\server\node_modules\mongoose\lib\schematype.js:1347:13)
            at SchemaNumber.Object.<anonymous>.SchemaType.doValidate (C:\Users\shark\OneDrive\Escritorio\autopartsduoc\server\node_modules\mongoose\lib\schematype.js:1331:7)
            at C:\Users\shark\OneDrive\Escritorio\autopartsduoc\server\node_modules\mongoose\lib\document.js:2977:18
            at processTicksAndRejections (node:internal/process/task_queues:85:11) {
          properties: [Object],
          kind: 'required',
          path: 'stockQuantity',
          value: undefined,
          reason: undefined,
          [Symbol(mongoose:validatorError)]: true
        },
        price: ValidatorError: Por favor ingrese un precio
            at validate (C:\Users\shark\OneDrive\Escritorio\autopartsduoc\server\node_modules\mongoose\lib\schematype.js:1347:13)
            at SchemaNumber.Object.<anonymous>.SchemaType.doValidate (C:\Users\shark\OneDrive\Escritorio\autopartsduoc\server\node_modules\mongoose\lib\schematype.js:1331:7)
            at C:\Users\shark\OneDrive\Escritorio\autopartsduoc\server\node_modules\mongoose\lib\document.js:2977:18
            at processTicksAndRejections (node:internal/process/task_queues:85:11) {
          properties: [Object],
          kind: 'required',
          path: 'price',
          value: undefined,
          reason: undefined,
          [Symbol(mongoose:validatorError)]: true
        },
        description: ValidatorError: Por favor ingrese una descripci├│n
            at validate (C:\Users\shark\OneDrive\Escritorio\autopartsduoc\server\node_modules\mongoose\lib\schematype.js:1347:13)
            at SchemaString.Object.<anonymous>.SchemaType.doValidate (C:\Users\shark\OneDrive\Escritorio\autopartsduoc\server\node_modules\mongoose\lib\schematype.js:1331:7)
            at C:\Users\shark\OneDrive\Escritorio\autopartsduoc\server\node_modules\mongoose\lib\document.js:2977:18
            at processTicksAndRejections (node:internal/process/task_queues:85:11) {
          properties: [Object],
          kind: 'required',
          path: 'description',
          value: undefined,
          reason: undefined,
          [Symbol(mongoose:validatorError)]: true
        }
      },
      _message: 'Product validation failed'
    }

    [0m [90m 496 |[39m     })[33m;[39m
     [90m 497 |[39m   } [36mcatch[39m (err) {
    [31m[1m>[22m[39m[90m 498 |[39m     console[33m.[39merror([32m'Error al crear producto:'[39m[33m,[39m err)[33m;[39m
     [90m     |[39m             [31m[1m^[22m[39m
     [90m 499 |[39m     next(err)[33m;[39m
     [90m 500 |[39m   }
     [90m 501 |[39m }[33m;[39m[0m

      at error (controllers/product.controller.js:498:13)

  console.log
    Token decodificado: { id: '6860cdf423a70b7ee069f81e', iat: 1751174644, exp: 1753766644 }

      at log (middleware/auth.js:33:13)

  console.log
    Token decodificado: { id: '6860cdf423a70b7ee069f81e', iat: 1751174644, exp: 1753766644 }

      at log (middleware/auth.js:33:13)

  console.error
    Error al crear producto: MongoServerError: E11000 duplicate key error collection: test.products index: sku_1 dup key: { sku: "NEW-PROD-001" }
        at C:\Users\shark\OneDrive\Escritorio\autopartsduoc\server\node_modules\mongodb\src\operations\insert.ts:85:25
        at C:\Users\shark\OneDrive\Escritorio\autopartsduoc\server\node_modules\mongodb\src\cmap\connection_pool.ts:569:13
        at C:\Users\shark\OneDrive\Escritorio\autopartsduoc\server\node_modules\mongodb\src\sdam\server.ts:363:13
        at handleOperationResult (C:\Users\shark\OneDrive\Escritorio\autopartsduoc\server\node_modules\mongodb\src\sdam\server.ts:496:14)
        at Connection.onMessage (C:\Users\shark\OneDrive\Escritorio\autopartsduoc\server\node_modules\mongodb\src\cmap\connection.ts:461:5)
        at MessageStream.<anonymous> (C:\Users\shark\OneDrive\Escritorio\autopartsduoc\server\node_modules\mongodb\src\cmap\connection.ts:241:56)
        at MessageStream.emit (node:events:518:28)
        at processIncomingData (C:\Users\shark\OneDrive\Escritorio\autopartsduoc\server\node_modules\mongodb\src\cmap\message_stream.ts:188:12)
        at MessageStream._write (C:\Users\shark\OneDrive\Escritorio\autopartsduoc\server\node_modules\mongodb\src\cmap\message_stream.ts:69:5)
        at writeOrBuffer (node:internal/streams/writable:572:12)
        at _write (node:internal/streams/writable:501:10)
        at MessageStream.Writable.write (node:internal/streams/writable:510:10)
        at Socket.ondata (node:internal/streams/readable:1009:22)
        at Socket.emit (node:events:518:28)
        at addChunk (node:internal/streams/readable:561:12)
        at readableAddChunkPushByteMode (node:internal/streams/readable:512:3)
        at Socket.Readable.push (node:internal/streams/readable:392:5)
        at TCP.onStreamRead (node:internal/stream_base_commons:189:23) {
      index: 0,
      code: 11000,
      keyPattern: { sku: 1 },
      keyValue: { sku: 'NEW-PROD-001' },
      [Symbol(errorLabels)]: Set(0) {}
    }

    [0m [90m 496 |[39m     })[33m;[39m
     [90m 497 |[39m   } [36mcatch[39m (err) {
    [31m[1m>[22m[39m[90m 498 |[39m     console[33m.[39merror([32m'Error al crear producto:'[39m[33m,[39m err)[33m;[39m
     [90m     |[39m             [31m[1m^[22m[39m
     [90m 499 |[39m     next(err)[33m;[39m
     [90m 500 |[39m   }
     [90m 501 |[39m }[33m;[39m[0m

      at error (controllers/product.controller.js:498:13)

  console.log
    Token decodificado: { id: '6860cdf423a70b7ee069f832', iat: 1751174644, exp: 1753766644 }

      at log (middleware/auth.js:33:13)

  console.log
    Ô£à Limpieza de pruebas completada

      at Object.log (tests/setup.js:44:13)

FAIL tests/integration/controllers/product.test.js (7.432 s)
  Controlador Product - Integraci├│n
    GET /api/products
      ├ù debe obtener todos los productos (249 ms)
      ├ù debe filtrar productos por b├║squeda (147 ms)
      ├ù debe filtrar productos por marca (147 ms)
      ├ù debe filtrar productos en oferta (142 ms)
      ├ù debe filtrar productos destacados (141 ms)
      ├ù debe filtrar productos con stock (143 ms)
      ├ù debe filtrar por rango de precio (142 ms)
      ├ù debe ordenar productos por precio (146 ms)
      ├ù debe manejar paginaci├│n (142 ms)
    GET /api/products/brands
      ├ù debe obtener lista de marcas ├║nicas (147 ms)
    GET /api/products/on-sale
      ├ù debe obtener solo productos en oferta (143 ms)
    GET /api/products/:slug
      ├ù debe obtener producto por slug (140 ms)
      ├ù debe obtener producto por ID (141 ms)
      ├ù debe retornar 404 para producto inexistente (142 ms)
    POST /api/products
      ÔêÜ debe crear producto como admin (216 ms)
      ÔêÜ debe rechazar creaci├│n sin autenticaci├│n (147 ms)
      ÔêÜ debe rechazar creaci├│n como cliente (147 ms)
      ├ù debe validar campos requeridos (173 ms)
      ├ù debe rechazar SKU duplicado (218 ms)
      ÔêÜ debe crear producto con oferta (164 ms)
    PUT /api/products/:slug
      ├ù debe actualizar producto como admin (142 ms)
      ├ù debe actualizar slug cuando cambia el nombre (141 ms)
      ├ù debe rechazar actualizaci├│n sin autorizaci├│n (141 ms)
    DELETE /api/products/:slug
      ├ù debe eliminar producto como admin (143 ms)
      ├ù debe rechazar eliminaci├│n sin autorizaci├│n (141 ms)
      ├ù debe retornar 404 para producto inexistente (142 ms)
    POST /api/products/:slug/ratings
      ├ù debe agregar valoraci├│n como cliente (141 ms)
      ├ù debe rechazar valoraci├│n sin autenticaci├│n (141 ms)
      ├ù debe validar rating entre 1 y 5 (141 ms)
      ├ù debe actualizar valoraci├│n existente del mismo usuario (142 ms)
    GET /api/products/:slug/ratings
      ├ù debe obtener valoraciones del producto (142 ms)
    B├║squeda avanzada
      ├ù debe buscar por marca de veh├¡culo (143 ms)
      ├ù debe buscar por modelo de veh├¡culo (146 ms)
      ├ù debe buscar por a├▒o de veh├¡culo (144 ms)
      ├ù debe combinar filtros de veh├¡culo (145 ms)
    Sugerencias de b├║squeda
      ├ù debe obtener sugerencias de b├║squeda (142 ms)
      ├ù debe retornar array vac├¡o para b├║squeda muy corta (141 ms)
    Modelos compatibles
      ├ù debe obtener modelos compatibles ├║nicos (142 ms)

  ÔùÅ Controlador Product - Integraci├│n ÔÇ║ GET /api/products ÔÇ║ debe obtener todos los 
productos

    ValidationError: Product validation failed: slug: Path `slug` is required.

      at model.Object.<anonymous>.Document.invalidate 
(node_modules/mongoose/lib/document.js:3197:32)
      at node_modules/mongoose/lib/document.js:2985:17
      at node_modules/mongoose/lib/schematype.js:1350:9

  ÔùÅ Controlador Product - Integraci├│n ÔÇ║ GET /api/products ÔÇ║ debe filtrar productos por 
b├║squeda

    ValidationError: Product validation failed: slug: Path `slug` is required.

      at model.Object.<anonymous>.Document.invalidate 
(node_modules/mongoose/lib/document.js:3197:32)
      at node_modules/mongoose/lib/document.js:2985:17
      at node_modules/mongoose/lib/schematype.js:1350:9

  ÔùÅ Controlador Product - Integraci├│n ÔÇ║ GET /api/products ÔÇ║ debe filtrar productos por 
marca

    ValidationError: Product validation failed: slug: Path `slug` is required.

      at model.Object.<anonymous>.Document.invalidate 
(node_modules/mongoose/lib/document.js:3197:32)
      at node_modules/mongoose/lib/document.js:2985:17
      at node_modules/mongoose/lib/schematype.js:1350:9

  ÔùÅ Controlador Product - Integraci├│n ÔÇ║ GET /api/products ÔÇ║ debe filtrar productos en 
oferta

    ValidationError: Product validation failed: slug: Path `slug` is required.

      at model.Object.<anonymous>.Document.invalidate 
(node_modules/mongoose/lib/document.js:3197:32)
      at node_modules/mongoose/lib/document.js:2985:17
      at node_modules/mongoose/lib/schematype.js:1350:9

  ÔùÅ Controlador Product - Integraci├│n ÔÇ║ GET /api/products ÔÇ║ debe filtrar productos 
destacados

    ValidationError: Product validation failed: slug: Path `slug` is required.

      at model.Object.<anonymous>.Document.invalidate 
(node_modules/mongoose/lib/document.js:3197:32)
      at node_modules/mongoose/lib/document.js:2985:17
      at node_modules/mongoose/lib/schematype.js:1350:9

  ÔùÅ Controlador Product - Integraci├│n ÔÇ║ GET /api/products ÔÇ║ debe filtrar productos con 
stock

    ValidationError: Product validation failed: slug: Path `slug` is required.

      at model.Object.<anonymous>.Document.invalidate 
(node_modules/mongoose/lib/document.js:3197:32)
      at node_modules/mongoose/lib/document.js:2985:17
      at node_modules/mongoose/lib/schematype.js:1350:9

  ÔùÅ Controlador Product - Integraci├│n ÔÇ║ GET /api/products ÔÇ║ debe filtrar por rango de 
precio

    ValidationError: Product validation failed: slug: Path `slug` is required.

      at model.Object.<anonymous>.Document.invalidate 
(node_modules/mongoose/lib/document.js:3197:32)
      at node_modules/mongoose/lib/document.js:2985:17
      at node_modules/mongoose/lib/schematype.js:1350:9

  ÔùÅ Controlador Product - Integraci├│n ÔÇ║ GET /api/products ÔÇ║ debe ordenar productos por 
precio

    ValidationError: Product validation failed: slug: Path `slug` is required.

      at model.Object.<anonymous>.Document.invalidate 
(node_modules/mongoose/lib/document.js:3197:32)
      at node_modules/mongoose/lib/document.js:2985:17
      at node_modules/mongoose/lib/schematype.js:1350:9

  ÔùÅ Controlador Product - Integraci├│n ÔÇ║ GET /api/products ÔÇ║ debe manejar paginaci├│n

    ValidationError: Product validation failed: slug: Path `slug` is required.

      at model.Object.<anonymous>.Document.invalidate 
(node_modules/mongoose/lib/document.js:3197:32)
      at node_modules/mongoose/lib/document.js:2985:17
      at node_modules/mongoose/lib/schematype.js:1350:9

  ÔùÅ Controlador Product - Integraci├│n ÔÇ║ GET /api/products/brands ÔÇ║ debe obtener lista de 
marcas ├║nicas

    ValidationError: Product validation failed: slug: Path `slug` is required.

      at model.Object.<anonymous>.Document.invalidate 
(node_modules/mongoose/lib/document.js:3197:32)
      at node_modules/mongoose/lib/document.js:2985:17
      at node_modules/mongoose/lib/schematype.js:1350:9

  ÔùÅ Controlador Product - Integraci├│n ÔÇ║ GET /api/products/on-sale ÔÇ║ debe obtener solo 
productos en oferta

    ValidationError: Product validation failed: slug: Path `slug` is required.

      at model.Object.<anonymous>.Document.invalidate 
(node_modules/mongoose/lib/document.js:3197:32)
      at node_modules/mongoose/lib/document.js:2985:17
      at node_modules/mongoose/lib/schematype.js:1350:9

  ÔùÅ Controlador Product - Integraci├│n ÔÇ║ GET /api/products/:slug ÔÇ║ debe obtener producto 
por slug

    ValidationError: Product validation failed: slug: Path `slug` is required.

      at model.Object.<anonymous>.Document.invalidate 
(node_modules/mongoose/lib/document.js:3197:32)
      at node_modules/mongoose/lib/document.js:2985:17
      at node_modules/mongoose/lib/schematype.js:1350:9

  ÔùÅ Controlador Product - Integraci├│n ÔÇ║ GET /api/products/:slug ÔÇ║ debe obtener producto 
por ID

    ValidationError: Product validation failed: slug: Path `slug` is required.

      at model.Object.<anonymous>.Document.invalidate 
(node_modules/mongoose/lib/document.js:3197:32)
      at node_modules/mongoose/lib/document.js:2985:17
      at node_modules/mongoose/lib/schematype.js:1350:9

  ÔùÅ Controlador Product - Integraci├│n ÔÇ║ GET /api/products/:slug ÔÇ║ debe retornar 404 para 
producto inexistente

    ValidationError: Product validation failed: slug: Path `slug` is required.

      at model.Object.<anonymous>.Document.invalidate 
(node_modules/mongoose/lib/document.js:3197:32)
      at node_modules/mongoose/lib/document.js:2985:17
      at node_modules/mongoose/lib/schematype.js:1350:9

  ÔùÅ Controlador Product - Integraci├│n ÔÇ║ POST /api/products ÔÇ║ debe validar campos requeridos

    expected 400 "Bad Request", got 500 "Internal Server Error"

    [0m [90m 357 |[39m           [90m// Faltan campos requeridos[39m
     [90m 358 |[39m         })
    [31m[1m>[22m[39m[90m 359 |[39m         [33m.[39mexpect([35m400[39m)[33m;[39m
     [90m     |[39m          [31m[1m^[22m[39m
     [90m 360 |[39m
     [90m 361 |[39m       
expect(response[33m.[39mbody[33m.[39msuccess)[33m.[39mtoBe([36mfalse[39m)[33m;[39m
     [90m 362 |[39m     })[33m;[39m[0m

      at Object.expect (tests/integration/controllers/product.test.js:359:10)
      ----
      at Test._assertStatus (node_modules/supertest/lib/test.js:252:14)
      at node_modules/supertest/lib/test.js:308:13
      at Test._assertFunction (node_modules/supertest/lib/test.js:285:13)
      at Test.assert (node_modules/supertest/lib/test.js:164:23)
      at Server.localAssert (node_modules/supertest/lib/test.js:120:14)

  ÔùÅ Controlador Product - Integraci├│n ÔÇ║ POST /api/products ÔÇ║ debe rechazar SKU duplicado

    expected 400 "Bad Request", got 500 "Internal Server Error"

    [0m [90m 382 |[39m           category[33m:[39m category[33m.[39m_id
     [90m 383 |[39m         })
    [31m[1m>[22m[39m[90m 384 |[39m         [33m.[39mexpect([35m400[39m)[33m;[39m
     [90m     |[39m          [31m[1m^[22m[39m
     [90m 385 |[39m
     [90m 386 |[39m       
expect(response[33m.[39mbody[33m.[39msuccess)[33m.[39mtoBe([36mfalse[39m)[33m;[39m
     [90m 387 |[39m     })[33m;[39m[0m

      at Object.expect (tests/integration/controllers/product.test.js:384:10)
      ----
      at Test._assertStatus (node_modules/supertest/lib/test.js:252:14)
      at node_modules/supertest/lib/test.js:308:13
      at Test._assertFunction (node_modules/supertest/lib/test.js:285:13)
      at Test.assert (node_modules/supertest/lib/test.js:164:23)
      at Server.localAssert (node_modules/supertest/lib/test.js:120:14)

  ÔùÅ Controlador Product - Integraci├│n ÔÇ║ PUT /api/products/:slug ÔÇ║ debe actualizar producto 
como admin

    ValidationError: Product validation failed: slug: Path `slug` is required.

      at model.Object.<anonymous>.Document.invalidate 
(node_modules/mongoose/lib/document.js:3197:32)
      at node_modules/mongoose/lib/document.js:2985:17
      at node_modules/mongoose/lib/schematype.js:1350:9

  ÔùÅ Controlador Product - Integraci├│n ÔÇ║ PUT /api/products/:slug ÔÇ║ debe actualizar slug 
cuando cambia el nombre

    ValidationError: Product validation failed: slug: Path `slug` is required.

      at model.Object.<anonymous>.Document.invalidate 
(node_modules/mongoose/lib/document.js:3197:32)
      at node_modules/mongoose/lib/document.js:2985:17
      at node_modules/mongoose/lib/schematype.js:1350:9

  ÔùÅ Controlador Product - Integraci├│n ÔÇ║ PUT /api/products/:slug ÔÇ║ debe rechazar 
actualizaci├│n sin autorizaci├│n

    ValidationError: Product validation failed: slug: Path `slug` is required.

      at model.Object.<anonymous>.Document.invalidate 
(node_modules/mongoose/lib/document.js:3197:32)
      at node_modules/mongoose/lib/document.js:2985:17
      at node_modules/mongoose/lib/schematype.js:1350:9

  ÔùÅ Controlador Product - Integraci├│n ÔÇ║ DELETE /api/products/:slug ÔÇ║ debe eliminar 
producto como admin

    ValidationError: Product validation failed: slug: Path `slug` is required.

      at model.Object.<anonymous>.Document.invalidate 
(node_modules/mongoose/lib/document.js:3197:32)
      at node_modules/mongoose/lib/document.js:2985:17
      at node_modules/mongoose/lib/schematype.js:1350:9

  ÔùÅ Controlador Product - Integraci├│n ÔÇ║ DELETE /api/products/:slug ÔÇ║ debe rechazar 
eliminaci├│n sin autorizaci├│n

    ValidationError: Product validation failed: slug: Path `slug` is required.

      at model.Object.<anonymous>.Document.invalidate 
(node_modules/mongoose/lib/document.js:3197:32)
      at node_modules/mongoose/lib/document.js:2985:17
      at node_modules/mongoose/lib/schematype.js:1350:9

  ÔùÅ Controlador Product - Integraci├│n ÔÇ║ DELETE /api/products/:slug ÔÇ║ debe retornar 404 
para producto inexistente

    ValidationError: Product validation failed: slug: Path `slug` is required.

      at model.Object.<anonymous>.Document.invalidate 
(node_modules/mongoose/lib/document.js:3197:32)
      at node_modules/mongoose/lib/document.js:2985:17
      at node_modules/mongoose/lib/schematype.js:1350:9

  ÔùÅ Controlador Product - Integraci├│n ÔÇ║ POST /api/products/:slug/ratings ÔÇ║ debe agregar 
valoraci├│n como cliente

    ValidationError: Product validation failed: slug: Path `slug` is required.

      at model.Object.<anonymous>.Document.invalidate 
(node_modules/mongoose/lib/document.js:3197:32)
      at node_modules/mongoose/lib/document.js:2985:17
      at node_modules/mongoose/lib/schematype.js:1350:9

  ÔùÅ Controlador Product - Integraci├│n ÔÇ║ POST /api/products/:slug/ratings ÔÇ║ debe rechazar 
valoraci├│n sin autenticaci├│n

    ValidationError: Product validation failed: slug: Path `slug` is required.

      at model.Object.<anonymous>.Document.invalidate 
(node_modules/mongoose/lib/document.js:3197:32)
      at node_modules/mongoose/lib/document.js:2985:17
      at node_modules/mongoose/lib/schematype.js:1350:9

  ÔùÅ Controlador Product - Integraci├│n ÔÇ║ POST /api/products/:slug/ratings ÔÇ║ debe validar 
rating entre 1 y 5

    ValidationError: Product validation failed: slug: Path `slug` is required.

      at model.Object.<anonymous>.Document.invalidate 
(node_modules/mongoose/lib/document.js:3197:32)
      at node_modules/mongoose/lib/document.js:2985:17
      at node_modules/mongoose/lib/schematype.js:1350:9

  ÔùÅ Controlador Product - Integraci├│n ÔÇ║ POST /api/products/:slug/ratings ÔÇ║ debe actualizar 
valoraci├│n existente del mismo usuario

    ValidationError: Product validation failed: slug: Path `slug` is required.

      at model.Object.<anonymous>.Document.invalidate 
(node_modules/mongoose/lib/document.js:3197:32)
      at node_modules/mongoose/lib/document.js:2985:17
      at node_modules/mongoose/lib/schematype.js:1350:9

  ÔùÅ Controlador Product - Integraci├│n ÔÇ║ GET /api/products/:slug/ratings ÔÇ║ debe obtener 
valoraciones del producto

    ValidationError: Product validation failed: slug: Path `slug` is required.

      at model.Object.<anonymous>.Document.invalidate 
(node_modules/mongoose/lib/document.js:3197:32)
      at node_modules/mongoose/lib/document.js:2985:17
      at node_modules/mongoose/lib/schematype.js:1350:9

  ÔùÅ Controlador Product - Integraci├│n ÔÇ║ B├║squeda avanzada ÔÇ║ debe buscar por marca de 
veh├¡culo

    ValidationError: Product validation failed: slug: Path `slug` is required.

      at model.Object.<anonymous>.Document.invalidate 
(node_modules/mongoose/lib/document.js:3197:32)
      at node_modules/mongoose/lib/document.js:2985:17
      at node_modules/mongoose/lib/schematype.js:1350:9

  ÔùÅ Controlador Product - Integraci├│n ÔÇ║ B├║squeda avanzada ÔÇ║ debe buscar por modelo de 
veh├¡culo

    ValidationError: Product validation failed: slug: Path `slug` is required.

      at model.Object.<anonymous>.Document.invalidate 
(node_modules/mongoose/lib/document.js:3197:32)
      at node_modules/mongoose/lib/document.js:2985:17
      at node_modules/mongoose/lib/schematype.js:1350:9

  ÔùÅ Controlador Product - Integraci├│n ÔÇ║ B├║squeda avanzada ÔÇ║ debe buscar por a├▒o de 
veh├¡culo

    ValidationError: Product validation failed: slug: Path `slug` is required.

      at model.Object.<anonymous>.Document.invalidate 
(node_modules/mongoose/lib/document.js:3197:32)
      at node_modules/mongoose/lib/document.js:2985:17
      at node_modules/mongoose/lib/schematype.js:1350:9

  ÔùÅ Controlador Product - Integraci├│n ÔÇ║ B├║squeda avanzada ÔÇ║ debe combinar filtros de 
veh├¡culo

    ValidationError: Product validation failed: slug: Path `slug` is required.

      at model.Object.<anonymous>.Document.invalidate 
(node_modules/mongoose/lib/document.js:3197:32)
      at node_modules/mongoose/lib/document.js:2985:17
      at node_modules/mongoose/lib/schematype.js:1350:9

  ÔùÅ Controlador Product - Integraci├│n ÔÇ║ Sugerencias de b├║squeda ÔÇ║ debe obtener 
sugerencias de b├║squeda

    ValidationError: Product validation failed: slug: Path `slug` is required.

      at model.Object.<anonymous>.Document.invalidate 
(node_modules/mongoose/lib/document.js:3197:32)
      at node_modules/mongoose/lib/document.js:2985:17
      at node_modules/mongoose/lib/schematype.js:1350:9

  ÔùÅ Controlador Product - Integraci├│n ÔÇ║ Sugerencias de b├║squeda ÔÇ║ debe retornar array 
vac├¡o para b├║squeda muy corta

    ValidationError: Product validation failed: slug: Path `slug` is required.

      at model.Object.<anonymous>.Document.invalidate 
(node_modules/mongoose/lib/document.js:3197:32)
      at node_modules/mongoose/lib/document.js:2985:17
      at node_modules/mongoose/lib/schematype.js:1350:9

  ÔùÅ Controlador Product - Integraci├│n ÔÇ║ Modelos compatibles ÔÇ║ debe obtener modelos 
compatibles ├║nicos

    ValidationError: Product validation failed: slug: Path `slug` is required.

      at model.Object.<anonymous>.Document.invalidate 
(node_modules/mongoose/lib/document.js:3197:32)
      at node_modules/mongoose/lib/document.js:2985:17
      at node_modules/mongoose/lib/schematype.js:1350:9

  console.log
    Ô£à Conexi├│n a MongoDB de pruebas establecida

      at Object.log (tests/setup.js:16:13)

  console.log
    Ô£à Limpieza de pruebas completada

      at Object.log (tests/setup.js:44:13)

FAIL tests/integration/controllers/order.test.js (6.576 s)
  Controlador Order - Integraci├│n
    POST /api/orders
      ├ù debe crear orden correctamente (231 ms)
      ├ù debe recalcular precios en el backend (160 ms)
      ├ù debe manejar env├¡o gratuito por monto alto (164 ms)
      ├ù debe crear orden para retiro en tienda (161 ms)
      ├ù debe reducir stock de productos (167 ms)
      ├ù debe rechazar orden sin stock suficiente (161 ms)
      ├ù debe requerir autenticaci├│n (168 ms)
      ├ù debe validar m├®todo de env├¡o (163 ms)
      ├ù debe requerir direcci├│n para delivery (162 ms)
      ├ù debe requerir ubicaci├│n para pickup (172 ms)
    GET /api/orders/my-orders
      ├ù debe obtener ├│rdenes del usuario autenticado (166 ms)
      ├ù debe ordenar por fecha m├ís reciente (171 ms)
      ├ù debe requerir autenticaci├│n (169 ms)
    GET /api/orders/:id
      ├ù debe obtener orden por ID como propietario (163 ms)
      ├ù debe obtener orden como admin (166 ms)
      ├ù debe rechazar acceso a orden de otro usuario (166 ms)
      ├ù debe retornar 404 para orden inexistente (168 ms)
    PUT /api/orders/:id/status
      ├ù debe actualizar estado como admin (169 ms)
      ├ù debe marcar como pagado cuando se especifica (166 ms)
      ├ù debe marcar como entregado para estados finales (165 ms)
      ├ù debe rechazar actualizaci├│n como cliente (165 ms)
      ├ù debe retornar 404 para orden inexistente (183 ms)
    PUT /api/orders/:id/cancel
      ├ù debe cancelar orden como propietario (165 ms)
      ├ù debe cancelar orden como admin (169 ms)
      ├ù debe rechazar cancelaci├│n de orden enviada (168 ms)
      ├ù debe rechazar cancelaci├│n de otro usuario (175 ms)
    GET /api/orders (admin)
      ├ù debe obtener todas las ├│rdenes como admin (178 ms)
      ├ù debe rechazar acceso como cliente (172 ms)
      ├ù debe ordenar por fecha m├ís reciente (165 ms)
    Orden B2B (distribuidor)
      ├ù debe crear orden B2B con precios mayoristas (167 ms)
      ├ù debe aplicar descuento autom├ítico en B2B (166 ms)
    Validaciones espec├¡ficas
      ├ù debe requerir al menos un item (167 ms)
      ├ù debe validar que los productos existan (167 ms)
    Informaci├│n fiscal en ├│rdenes
      ├ù debe incluir informaci├│n fiscal completa (180 ms)

  ÔùÅ Controlador Order - Integraci├│n ÔÇ║ POST /api/orders ÔÇ║ debe crear orden correctamente

    ValidationError: Product validation failed: slug: Path `slug` is required.

      at model.Object.<anonymous>.Document.invalidate 
(node_modules/mongoose/lib/document.js:3197:32)
      at node_modules/mongoose/lib/document.js:2985:17
      at node_modules/mongoose/lib/schematype.js:1350:9

  ÔùÅ Controlador Order - Integraci├│n ÔÇ║ POST /api/orders ÔÇ║ debe recalcular precios en el 
backend

    ValidationError: Product validation failed: slug: Path `slug` is required.

      at model.Object.<anonymous>.Document.invalidate 
(node_modules/mongoose/lib/document.js:3197:32)
      at node_modules/mongoose/lib/document.js:2985:17
      at node_modules/mongoose/lib/schematype.js:1350:9

  ÔùÅ Controlador Order - Integraci├│n ÔÇ║ POST /api/orders ÔÇ║ debe manejar env├¡o gratuito por 
monto alto

    ValidationError: Product validation failed: slug: Path `slug` is required.

      at model.Object.<anonymous>.Document.invalidate 
(node_modules/mongoose/lib/document.js:3197:32)
      at node_modules/mongoose/lib/document.js:2985:17
      at node_modules/mongoose/lib/schematype.js:1350:9

  ÔùÅ Controlador Order - Integraci├│n ÔÇ║ POST /api/orders ÔÇ║ debe crear orden para retiro en 
tienda

    ValidationError: Product validation failed: slug: Path `slug` is required.

      at model.Object.<anonymous>.Document.invalidate 
(node_modules/mongoose/lib/document.js:3197:32)
      at node_modules/mongoose/lib/document.js:2985:17
      at node_modules/mongoose/lib/schematype.js:1350:9

  ÔùÅ Controlador Order - Integraci├│n ÔÇ║ POST /api/orders ÔÇ║ debe reducir stock de productos

    ValidationError: Product validation failed: slug: Path `slug` is required.

      at model.Object.<anonymous>.Document.invalidate 
(node_modules/mongoose/lib/document.js:3197:32)
      at node_modules/mongoose/lib/document.js:2985:17
      at node_modules/mongoose/lib/schematype.js:1350:9

  ÔùÅ Controlador Order - Integraci├│n ÔÇ║ POST /api/orders ÔÇ║ debe rechazar orden sin stock 
suficiente

    ValidationError: Product validation failed: slug: Path `slug` is required.

      at model.Object.<anonymous>.Document.invalidate 
(node_modules/mongoose/lib/document.js:3197:32)
      at node_modules/mongoose/lib/document.js:2985:17
      at node_modules/mongoose/lib/schematype.js:1350:9

  ÔùÅ Controlador Order - Integraci├│n ÔÇ║ POST /api/orders ÔÇ║ debe requerir autenticaci├│n

    ValidationError: Product validation failed: slug: Path `slug` is required.

      at model.Object.<anonymous>.Document.invalidate 
(node_modules/mongoose/lib/document.js:3197:32)
      at node_modules/mongoose/lib/document.js:2985:17
      at node_modules/mongoose/lib/schematype.js:1350:9

  ÔùÅ Controlador Order - Integraci├│n ÔÇ║ POST /api/orders ÔÇ║ debe validar m├®todo de env├¡o

    ValidationError: Product validation failed: slug: Path `slug` is required.

      at model.Object.<anonymous>.Document.invalidate 
(node_modules/mongoose/lib/document.js:3197:32)
      at node_modules/mongoose/lib/document.js:2985:17
      at node_modules/mongoose/lib/schematype.js:1350:9

  ÔùÅ Controlador Order - Integraci├│n ÔÇ║ POST /api/orders ÔÇ║ debe requerir direcci├│n para 
delivery

    ValidationError: Product validation failed: slug: Path `slug` is required.

      at model.Object.<anonymous>.Document.invalidate 
(node_modules/mongoose/lib/document.js:3197:32)
      at node_modules/mongoose/lib/document.js:2985:17
      at node_modules/mongoose/lib/schematype.js:1350:9

  ÔùÅ Controlador Order - Integraci├│n ÔÇ║ POST /api/orders ÔÇ║ debe requerir ubicaci├│n para 
pickup

    ValidationError: Product validation failed: slug: Path `slug` is required.

      at model.Object.<anonymous>.Document.invalidate 
(node_modules/mongoose/lib/document.js:3197:32)
      at node_modules/mongoose/lib/document.js:2985:17
      at node_modules/mongoose/lib/schematype.js:1350:9

  ÔùÅ Controlador Order - Integraci├│n ÔÇ║ GET /api/orders/my-orders ÔÇ║ debe obtener ├│rdenes 
del usuario autenticado

    ValidationError: Product validation failed: slug: Path `slug` is required.

      at model.Object.<anonymous>.Document.invalidate 
(node_modules/mongoose/lib/document.js:3197:32)
      at node_modules/mongoose/lib/document.js:2985:17
      at node_modules/mongoose/lib/schematype.js:1350:9

  ÔùÅ Controlador Order - Integraci├│n ÔÇ║ GET /api/orders/my-orders ÔÇ║ debe ordenar por fecha 
m├ís reciente

    ValidationError: Product validation failed: slug: Path `slug` is required.

      at model.Object.<anonymous>.Document.invalidate 
(node_modules/mongoose/lib/document.js:3197:32)
      at node_modules/mongoose/lib/document.js:2985:17
      at node_modules/mongoose/lib/schematype.js:1350:9

  ÔùÅ Controlador Order - Integraci├│n ÔÇ║ GET /api/orders/my-orders ÔÇ║ debe requerir 
autenticaci├│n

    ValidationError: Product validation failed: slug: Path `slug` is required.

      at model.Object.<anonymous>.Document.invalidate 
(node_modules/mongoose/lib/document.js:3197:32)
      at node_modules/mongoose/lib/document.js:2985:17
      at node_modules/mongoose/lib/schematype.js:1350:9

  ÔùÅ Controlador Order - Integraci├│n ÔÇ║ GET /api/orders/:id ÔÇ║ debe obtener orden por ID como 
propietario

    ValidationError: Product validation failed: slug: Path `slug` is required.

      at model.Object.<anonymous>.Document.invalidate 
(node_modules/mongoose/lib/document.js:3197:32)
      at node_modules/mongoose/lib/document.js:2985:17
      at node_modules/mongoose/lib/schematype.js:1350:9

  ÔùÅ Controlador Order - Integraci├│n ÔÇ║ GET /api/orders/:id ÔÇ║ debe obtener orden como admin

    ValidationError: Product validation failed: slug: Path `slug` is required.

      at model.Object.<anonymous>.Document.invalidate 
(node_modules/mongoose/lib/document.js:3197:32)
      at node_modules/mongoose/lib/document.js:2985:17
      at node_modules/mongoose/lib/schematype.js:1350:9

  ÔùÅ Controlador Order - Integraci├│n ÔÇ║ GET /api/orders/:id ÔÇ║ debe rechazar acceso a orden 
de otro usuario

    ValidationError: Product validation failed: slug: Path `slug` is required.

      at model.Object.<anonymous>.Document.invalidate 
(node_modules/mongoose/lib/document.js:3197:32)
      at node_modules/mongoose/lib/document.js:2985:17
      at node_modules/mongoose/lib/schematype.js:1350:9

  ÔùÅ Controlador Order - Integraci├│n ÔÇ║ GET /api/orders/:id ÔÇ║ debe retornar 404 para orden 
inexistente

    ValidationError: Product validation failed: slug: Path `slug` is required.

      at model.Object.<anonymous>.Document.invalidate 
(node_modules/mongoose/lib/document.js:3197:32)
      at node_modules/mongoose/lib/document.js:2985:17
      at node_modules/mongoose/lib/schematype.js:1350:9

  ÔùÅ Controlador Order - Integraci├│n ÔÇ║ PUT /api/orders/:id/status ÔÇ║ debe actualizar estado 
como admin

    ValidationError: Product validation failed: slug: Path `slug` is required.

      at model.Object.<anonymous>.Document.invalidate 
(node_modules/mongoose/lib/document.js:3197:32)
      at node_modules/mongoose/lib/document.js:2985:17
      at node_modules/mongoose/lib/schematype.js:1350:9

  ÔùÅ Controlador Order - Integraci├│n ÔÇ║ PUT /api/orders/:id/status ÔÇ║ debe marcar como pagado 
cuando se especifica

    ValidationError: Product validation failed: slug: Path `slug` is required.

      at model.Object.<anonymous>.Document.invalidate 
(node_modules/mongoose/lib/document.js:3197:32)
      at node_modules/mongoose/lib/document.js:2985:17
      at node_modules/mongoose/lib/schematype.js:1350:9

  ÔùÅ Controlador Order - Integraci├│n ÔÇ║ PUT /api/orders/:id/status ÔÇ║ debe marcar como 
entregado para estados finales

    ValidationError: Product validation failed: slug: Path `slug` is required.

      at model.Object.<anonymous>.Document.invalidate 
(node_modules/mongoose/lib/document.js:3197:32)
      at node_modules/mongoose/lib/document.js:2985:17
      at node_modules/mongoose/lib/schematype.js:1350:9

  ÔùÅ Controlador Order - Integraci├│n ÔÇ║ PUT /api/orders/:id/status ÔÇ║ debe rechazar 
actualizaci├│n como cliente

    ValidationError: Product validation failed: slug: Path `slug` is required.

      at model.Object.<anonymous>.Document.invalidate 
(node_modules/mongoose/lib/document.js:3197:32)
      at node_modules/mongoose/lib/document.js:2985:17
      at node_modules/mongoose/lib/schematype.js:1350:9

  ÔùÅ Controlador Order - Integraci├│n ÔÇ║ PUT /api/orders/:id/status ÔÇ║ debe retornar 404 para 
orden inexistente

    ValidationError: Product validation failed: slug: Path `slug` is required.

      at model.Object.<anonymous>.Document.invalidate 
(node_modules/mongoose/lib/document.js:3197:32)
      at node_modules/mongoose/lib/document.js:2985:17
      at node_modules/mongoose/lib/schematype.js:1350:9

  ÔùÅ Controlador Order - Integraci├│n ÔÇ║ PUT /api/orders/:id/cancel ÔÇ║ debe cancelar orden 
como propietario

    ValidationError: Product validation failed: slug: Path `slug` is required.

      at model.Object.<anonymous>.Document.invalidate 
(node_modules/mongoose/lib/document.js:3197:32)
      at node_modules/mongoose/lib/document.js:2985:17
      at node_modules/mongoose/lib/schematype.js:1350:9

  ÔùÅ Controlador Order - Integraci├│n ÔÇ║ PUT /api/orders/:id/cancel ÔÇ║ debe cancelar orden 
como admin

    ValidationError: Product validation failed: slug: Path `slug` is required.

      at model.Object.<anonymous>.Document.invalidate 
(node_modules/mongoose/lib/document.js:3197:32)
      at node_modules/mongoose/lib/document.js:2985:17
      at node_modules/mongoose/lib/schematype.js:1350:9

  ÔùÅ Controlador Order - Integraci├│n ÔÇ║ PUT /api/orders/:id/cancel ÔÇ║ debe rechazar 
cancelaci├│n de orden enviada

    ValidationError: Product validation failed: slug: Path `slug` is required.

      at model.Object.<anonymous>.Document.invalidate 
(node_modules/mongoose/lib/document.js:3197:32)
      at node_modules/mongoose/lib/document.js:2985:17
      at node_modules/mongoose/lib/schematype.js:1350:9

  ÔùÅ Controlador Order - Integraci├│n ÔÇ║ PUT /api/orders/:id/cancel ÔÇ║ debe rechazar 
cancelaci├│n de otro usuario

    ValidationError: Product validation failed: slug: Path `slug` is required.

      at model.Object.<anonymous>.Document.invalidate 
(node_modules/mongoose/lib/document.js:3197:32)
      at node_modules/mongoose/lib/document.js:2985:17
      at node_modules/mongoose/lib/schematype.js:1350:9

  ÔùÅ Controlador Order - Integraci├│n ÔÇ║ GET /api/orders (admin) ÔÇ║ debe obtener todas las 
├│rdenes como admin

    ValidationError: Product validation failed: slug: Path `slug` is required.

      at model.Object.<anonymous>.Document.invalidate 
(node_modules/mongoose/lib/document.js:3197:32)
      at node_modules/mongoose/lib/document.js:2985:17
      at node_modules/mongoose/lib/schematype.js:1350:9

  ÔùÅ Controlador Order - Integraci├│n ÔÇ║ GET /api/orders (admin) ÔÇ║ debe rechazar acceso como 
cliente

    ValidationError: Product validation failed: slug: Path `slug` is required.

      at model.Object.<anonymous>.Document.invalidate 
(node_modules/mongoose/lib/document.js:3197:32)
      at node_modules/mongoose/lib/document.js:2985:17
      at node_modules/mongoose/lib/schematype.js:1350:9

  ÔùÅ Controlador Order - Integraci├│n ÔÇ║ GET /api/orders (admin) ÔÇ║ debe ordenar por fecha 
m├ís reciente

    ValidationError: Product validation failed: slug: Path `slug` is required.

      at model.Object.<anonymous>.Document.invalidate 
(node_modules/mongoose/lib/document.js:3197:32)
      at node_modules/mongoose/lib/document.js:2985:17
      at node_modules/mongoose/lib/schematype.js:1350:9

  ÔùÅ Controlador Order - Integraci├│n ÔÇ║ Orden B2B (distribuidor) ÔÇ║ debe crear orden B2B con 
precios mayoristas

    ValidationError: Product validation failed: slug: Path `slug` is required.

      at model.Object.<anonymous>.Document.invalidate 
(node_modules/mongoose/lib/document.js:3197:32)
      at node_modules/mongoose/lib/document.js:2985:17
      at node_modules/mongoose/lib/schematype.js:1350:9

  ÔùÅ Controlador Order - Integraci├│n ÔÇ║ Orden B2B (distribuidor) ÔÇ║ debe aplicar descuento 
autom├ítico en B2B

    ValidationError: Product validation failed: slug: Path `slug` is required.

      at model.Object.<anonymous>.Document.invalidate 
(node_modules/mongoose/lib/document.js:3197:32)
      at node_modules/mongoose/lib/document.js:2985:17
      at node_modules/mongoose/lib/schematype.js:1350:9

  ÔùÅ Controlador Order - Integraci├│n ÔÇ║ Validaciones espec├¡ficas ÔÇ║ debe requerir al menos 
un item

    ValidationError: Product validation failed: slug: Path `slug` is required.

      at model.Object.<anonymous>.Document.invalidate 
(node_modules/mongoose/lib/document.js:3197:32)
      at node_modules/mongoose/lib/document.js:2985:17
      at node_modules/mongoose/lib/schematype.js:1350:9

  ÔùÅ Controlador Order - Integraci├│n ÔÇ║ Validaciones espec├¡ficas ÔÇ║ debe validar que los 
productos existan

    ValidationError: Product validation failed: slug: Path `slug` is required.

      at model.Object.<anonymous>.Document.invalidate 
(node_modules/mongoose/lib/document.js:3197:32)
      at node_modules/mongoose/lib/document.js:2985:17
      at node_modules/mongoose/lib/schematype.js:1350:9

  ÔùÅ Controlador Order - Integraci├│n ÔÇ║ Informaci├│n fiscal en ├│rdenes ÔÇ║ debe incluir 
informaci├│n fiscal completa

    ValidationError: Product validation failed: slug: Path `slug` is required.

      at model.Object.<anonymous>.Document.invalidate 
(node_modules/mongoose/lib/document.js:3197:32)
      at node_modules/mongoose/lib/document.js:2985:17
      at node_modules/mongoose/lib/schematype.js:1350:9

  console.log
    Ô£à Conexi├│n a MongoDB de pruebas establecida

      at Object.log (tests/setup.js:16:13)

  console.error
    Error al crear transacci├│n Webpay: TypeError: Cannot read properties of undefined (reading 'token')
        at Object.token [as createPaymentTransaction] (C:\Users\shark\OneDrive\Escritorio\autopartsduoc\server\services\transbank.service.js:102:23)
        at processTicksAndRejections (node:internal/process/task_queues:105:5)
        at Object.<anonymous> (C:\Users\shark\OneDrive\Escritorio\autopartsduoc\server\tests\unit\services\transbank.test.js:101:22)

    [0m [90m 107 |[39m     }[33m;[39m
     [90m 108 |[39m   } [36mcatch[39m (error) {
    [31m[1m>[22m[39m[90m 109 |[39m     console[33m.[39merror([32m'Error al crear transacci├│n Webpay:'[39m[33m,[39m error)[33m;[39m
     [90m     |[39m             [31m[1m^[22m[39m
     [90m 110 |[39m     
     [90m 111 |[39m     [36mif[39m (error[33m.[39mresponse) {
     [90m 112 |[39m       console[33m.[39merror([32m'Detalles del error de Transbank:'[39m[33m,[39m error[33m.[39mresponse[33m.[39mdata [33m||[39m error[33m.[39mresponse)[33m;[39m[0m

      at Object.error [as createPaymentTransaction] (services/transbank.service.js:109:13)
      at Object.<anonymous> (tests/unit/services/transbank.test.js:101:22)

  console.error
    Error al crear transacci├│n Webpay: TypeError: Cannot read properties of undefined (reading 'token')
        at Object.token [as createPaymentTransaction] (C:\Users\shark\OneDrive\Escritorio\autopartsduoc\server\services\transbank.service.js:102:23)
        at processTicksAndRejections (node:internal/process/task_queues:105:5)
        at Object.<anonymous> (C:\Users\shark\OneDrive\Escritorio\autopartsduoc\server\tests\unit\services\transbank.test.js:116:7)

    [0m [90m 107 |[39m     }[33m;[39m
     [90m 108 |[39m   } [36mcatch[39m (error) {
    [31m[1m>[22m[39m[90m 109 |[39m     console[33m.[39merror([32m'Error al crear transacci├│n Webpay:'[39m[33m,[39m error)[33m;[39m
     [90m     |[39m             [31m[1m^[22m[39m
     [90m 110 |[39m     
     [90m 111 |[39m     [36mif[39m (error[33m.[39mresponse) {
     [90m 112 |[39m       console[33m.[39merror([32m'Detalles del error de Transbank:'[39m[33m,[39m error[33m.[39mresponse[33m.[39mdata [33m||[39m error[33m.[39mresponse)[33m;[39m[0m

      at Object.error [as createPaymentTransaction] (services/transbank.service.js:109:13)
      at Object.<anonymous> (tests/unit/services/transbank.test.js:116:7)

  console.error
    Error al crear transacci├│n Webpay: Error: Datos de orden incompletos para crear transacci├│n
        at Object.<anonymous>.exports.createPaymentTransaction (C:\Users\shark\OneDrive\Escritorio\autopartsduoc\server\services\transbank.service.js:66:13)
        at Object.createPaymentTransaction (C:\Users\shark\OneDrive\Escritorio\autopartsduoc\server\tests\unit\services\transbank.test.js:123:26)
        at Promise.then.completed (C:\Users\shark\OneDrive\Escritorio\autopartsduoc\server\node_modules\jest-circus\build\utils.js:298:28)
        at new Promise (<anonymous>)
        at callAsyncCircusFn (C:\Users\shark\OneDrive\Escritorio\autopartsduoc\server\node_modules\jest-circus\build\utils.js:231:10)
        at _callCircusTest (C:\Users\shark\OneDrive\Escritorio\autopartsduoc\server\node_modules\jest-circus\build\run.js:316:40)
        at processTicksAndRejections (node:internal/process/task_queues:105:5)
        at _runTest (C:\Users\shark\OneDrive\Escritorio\autopartsduoc\server\node_modules\jest-circus\build\run.js:252:3)
        at _runTestsForDescribeBlock (C:\Users\shark\OneDrive\Escritorio\autopartsduoc\server\node_modules\jest-circus\build\run.js:126:9)
        at _runTestsForDescribeBlock (C:\Users\shark\OneDrive\Escritorio\autopartsduoc\server\node_modules\jest-circus\build\run.js:121:9)
        at _runTestsForDescribeBlock (C:\Users\shark\OneDrive\Escritorio\autopartsduoc\server\node_modules\jest-circus\build\run.js:121:9)
        at run (C:\Users\shark\OneDrive\Escritorio\autopartsduoc\server\node_modules\jest-circus\build\run.js:71:3)
        at runAndTransformResultsToJestFormat (C:\Users\shark\OneDrive\Escritorio\autopartsduoc\server\node_modules\jest-circus\build\legacy-code-todo-rewrite\jestAdapterInit.js:122:21)
        at jestAdapter (C:\Users\shark\OneDrive\Escritorio\autopartsduoc\server\node_modules\jest-circus\build\legacy-code-todo-rewrite\jestAdapter.js:79:19)
        at runTestInternal (C:\Users\shark\OneDrive\Escritorio\autopartsduoc\server\node_modules\jest-runner\build\runTest.js:367:16)
        at runTest (C:\Users\shark\OneDrive\Escritorio\autopartsduoc\server\node_modules\jest-runner\build\runTest.js:444:34)

    [0m [90m 107 |[39m     }[33m;[39m
     [90m 108 |[39m   } [36mcatch[39m (error) {
    [31m[1m>[22m[39m[90m 109 |[39m     console[33m.[39merror([32m'Error al crear transacci├│n Webpay:'[39m[33m,[39m error)[33m;[39m
     [90m     |[39m             [31m[1m^[22m[39m
     [90m 110 |[39m     
     [90m 111 |[39m     [36mif[39m (error[33m.[39mresponse) {
     [90m 112 |[39m       console[33m.[39merror([32m'Detalles del error de Transbank:'[39m[33m,[39m error[33m.[39mresponse[33m.[39mdata [33m||[39m error[33m.[39mresponse)[33m;[39m[0m

      at Object.error [as createPaymentTransaction] (services/transbank.service.js:109:13)
      at Object.createPaymentTransaction (tests/unit/services/transbank.test.js:123:26)

  console.error
    Error al crear transacci├│n Webpay: Error: Datos de orden incompletos para crear transacci├│n
        at Object.<anonymous>.exports.createPaymentTransaction (C:\Users\shark\OneDrive\Escritorio\autopartsduoc\server\services\transbank.service.js:66:13)
        at Object.createPaymentTransaction (C:\Users\shark\OneDrive\Escritorio\autopartsduoc\server\tests\unit\services\transbank.test.js:132:26)
        at Promise.then.completed (C:\Users\shark\OneDrive\Escritorio\autopartsduoc\server\node_modules\jest-circus\build\utils.js:298:28)
        at new Promise (<anonymous>)
        at callAsyncCircusFn (C:\Users\shark\OneDrive\Escritorio\autopartsduoc\server\node_modules\jest-circus\build\utils.js:231:10)
        at _callCircusTest (C:\Users\shark\OneDrive\Escritorio\autopartsduoc\server\node_modules\jest-circus\build\run.js:316:40)
        at processTicksAndRejections (node:internal/process/task_queues:105:5)
        at _runTest (C:\Users\shark\OneDrive\Escritorio\autopartsduoc\server\node_modules\jest-circus\build\run.js:252:3)
        at _runTestsForDescribeBlock (C:\Users\shark\OneDrive\Escritorio\autopartsduoc\server\node_modules\jest-circus\build\run.js:126:9)
        at _runTestsForDescribeBlock (C:\Users\shark\OneDrive\Escritorio\autopartsduoc\server\node_modules\jest-circus\build\run.js:121:9)
        at _runTestsForDescribeBlock (C:\Users\shark\OneDrive\Escritorio\autopartsduoc\server\node_modules\jest-circus\build\run.js:121:9)
        at run (C:\Users\shark\OneDrive\Escritorio\autopartsduoc\server\node_modules\jest-circus\build\run.js:71:3)
        at runAndTransformResultsToJestFormat (C:\Users\shark\OneDrive\Escritorio\autopartsduoc\server\node_modules\jest-circus\build\legacy-code-todo-rewrite\jestAdapterInit.js:122:21)
        at jestAdapter (C:\Users\shark\OneDrive\Escritorio\autopartsduoc\server\node_modules\jest-circus\build\legacy-code-todo-rewrite\jestAdapter.js:79:19)
        at runTestInternal (C:\Users\shark\OneDrive\Escritorio\autopartsduoc\server\node_modules\jest-runner\build\runTest.js:367:16)
        at runTest (C:\Users\shark\OneDrive\Escritorio\autopartsduoc\server\node_modules\jest-runner\build\runTest.js:444:34)

    [0m [90m 107 |[39m     }[33m;[39m
     [90m 108 |[39m   } [36mcatch[39m (error) {
    [31m[1m>[22m[39m[90m 109 |[39m     console[33m.[39merror([32m'Error al crear transacci├│n Webpay:'[39m[33m,[39m error)[33m;[39m
     [90m     |[39m             [31m[1m^[22m[39m
     [90m 110 |[39m     
     [90m 111 |[39m     [36mif[39m (error[33m.[39mresponse) {
     [90m 112 |[39m       console[33m.[39merror([32m'Detalles del error de Transbank:'[39m[33m,[39m error[33m.[39mresponse[33m.[39mdata [33m||[39m error[33m.[39mresponse)[33m;[39m[0m

      at Object.error [as createPaymentTransaction] (services/transbank.service.js:109:13)
      at Object.createPaymentTransaction (tests/unit/services/transbank.test.js:132:26)

  console.error
    Error al confirmar transacci├│n Webpay: TypeError: Cannot read properties of undefined (reading 'response_code')
        at Object.response_code [as confirmPaymentTransaction] (C:\Users\shark\OneDrive\Escritorio\autopartsduoc\server\services\transbank.service.js:128:33)
        at processTicksAndRejections (node:internal/process/task_queues:105:5)
        at Object.<anonymous> (C:\Users\shark\OneDrive\Escritorio\autopartsduoc\server\tests\unit\services\transbank.test.js:154:22)

    [0m [90m 144 |[39m     }[33m;[39m
     [90m 145 |[39m   } [36mcatch[39m (error) {
    [31m[1m>[22m[39m[90m 146 |[39m     console[33m.[39merror([32m'Error al confirmar transacci├│n Webpay:'[39m[33m,[39m error)[33m;[39m
     [90m     |[39m             [31m[1m^[22m[39m
     [90m 147 |[39m     
     [90m 148 |[39m     [36mif[39m (error[33m.[39mresponse) {
     [90m 149 |[39m       console[33m.[39merror([32m'Detalles del error de confirmaci├│n:'[39m[33m,[39m error[33m.[39mresponse[33m.[39mdata [33m||[39m error[33m.[39mresponse)[33m;[39m[0m

      at Object.error [as confirmPaymentTransaction] (services/transbank.service.js:146:13)
      at Object.<anonymous> (tests/unit/services/transbank.test.js:154:22)

  console.error
    Error al confirmar transacci├│n Webpay: TypeError: Cannot read properties of undefined (reading 'response_code')
        at Object.response_code [as confirmPaymentTransaction] (C:\Users\shark\OneDrive\Escritorio\autopartsduoc\server\services\transbank.service.js:128:33)
        at processTicksAndRejections (node:internal/process/task_queues:105:5)
        at Object.<anonymous> (C:\Users\shark\OneDrive\Escritorio\autopartsduoc\server\tests\unit\services\transbank.test.js:174:22)

    [0m [90m 144 |[39m     }[33m;[39m
     [90m 145 |[39m   } [36mcatch[39m (error) {
    [31m[1m>[22m[39m[90m 146 |[39m     console[33m.[39merror([32m'Error al confirmar transacci├│n Webpay:'[39m[33m,[39m error)[33m;[39m
     [90m     |[39m             [31m[1m^[22m[39m
     [90m 147 |[39m     
     [90m 148 |[39m     [36mif[39m (error[33m.[39mresponse) {
     [90m 149 |[39m       console[33m.[39merror([32m'Detalles del error de confirmaci├│n:'[39m[33m,[39m error[33m.[39mresponse[33m.[39mdata [33m||[39m error[33m.[39mresponse)[33m;[39m[0m

      at Object.error [as confirmPaymentTransaction] (services/transbank.service.js:146:13)
      at Object.<anonymous> (tests/unit/services/transbank.test.js:174:22)

  console.error
    Error al confirmar transacci├│n Webpay: TypeError: Cannot read properties of undefined (reading 'response_code')
        at Object.response_code [as confirmPaymentTransaction] (C:\Users\shark\OneDrive\Escritorio\autopartsduoc\server\services\transbank.service.js:128:33)
        at processTicksAndRejections (node:internal/process/task_queues:105:5)
        at Object.<anonymous> (C:\Users\shark\OneDrive\Escritorio\autopartsduoc\server\tests\unit\services\transbank.test.js:187:7)

    [0m [90m 144 |[39m     }[33m;[39m
     [90m 145 |[39m   } [36mcatch[39m (error) {
    [31m[1m>[22m[39m[90m 146 |[39m     console[33m.[39merror([32m'Error al confirmar transacci├│n Webpay:'[39m[33m,[39m error)[33m;[39m
     [90m     |[39m             [31m[1m^[22m[39m
     [90m 147 |[39m     
     [90m 148 |[39m     [36mif[39m (error[33m.[39mresponse) {
     [90m 149 |[39m       console[33m.[39merror([32m'Detalles del error de confirmaci├│n:'[39m[33m,[39m error[33m.[39mresponse[33m.[39mdata [33m||[39m error[33m.[39mresponse)[33m;[39m[0m

      at Object.error [as confirmPaymentTransaction] (services/transbank.service.js:146:13)
      at Object.<anonymous> (tests/unit/services/transbank.test.js:187:7)

  console.error
    Error al confirmar transacci├│n Webpay: Error: Token de transacci├│n requerido
        at Object.<anonymous>.exports.confirmPaymentTransaction (C:\Users\shark\OneDrive\Escritorio\autopartsduoc\server\services\transbank.service.js:123:13)
        at Object.confirmPaymentTransaction (C:\Users\shark\OneDrive\Escritorio\autopartsduoc\server\tests\unit\services\transbank.test.js:194:26)
        at Promise.then.completed (C:\Users\shark\OneDrive\Escritorio\autopartsduoc\server\node_modules\jest-circus\build\utils.js:298:28)
        at new Promise (<anonymous>)
        at callAsyncCircusFn (C:\Users\shark\OneDrive\Escritorio\autopartsduoc\server\node_modules\jest-circus\build\utils.js:231:10)
        at _callCircusTest (C:\Users\shark\OneDrive\Escritorio\autopartsduoc\server\node_modules\jest-circus\build\run.js:316:40)
        at processTicksAndRejections (node:internal/process/task_queues:105:5)
        at _runTest (C:\Users\shark\OneDrive\Escritorio\autopartsduoc\server\node_modules\jest-circus\build\run.js:252:3)
        at _runTestsForDescribeBlock (C:\Users\shark\OneDrive\Escritorio\autopartsduoc\server\node_modules\jest-circus\build\run.js:126:9)
        at _runTestsForDescribeBlock (C:\Users\shark\OneDrive\Escritorio\autopartsduoc\server\node_modules\jest-circus\build\run.js:121:9)
        at _runTestsForDescribeBlock (C:\Users\shark\OneDrive\Escritorio\autopartsduoc\server\node_modules\jest-circus\build\run.js:121:9)
        at run (C:\Users\shark\OneDrive\Escritorio\autopartsduoc\server\node_modules\jest-circus\build\run.js:71:3)
        at runAndTransformResultsToJestFormat (C:\Users\shark\OneDrive\Escritorio\autopartsduoc\server\node_modules\jest-circus\build\legacy-code-todo-rewrite\jestAdapterInit.js:122:21)
        at jestAdapter (C:\Users\shark\OneDrive\Escritorio\autopartsduoc\server\node_modules\jest-circus\build\legacy-code-todo-rewrite\jestAdapter.js:79:19)
        at runTestInternal (C:\Users\shark\OneDrive\Escritorio\autopartsduoc\server\node_modules\jest-runner\build\runTest.js:367:16)
        at runTest (C:\Users\shark\OneDrive\Escritorio\autopartsduoc\server\node_modules\jest-runner\build\runTest.js:444:34)

    [0m [90m 144 |[39m     }[33m;[39m
     [90m 145 |[39m   } [36mcatch[39m (error) {
    [31m[1m>[22m[39m[90m 146 |[39m     console[33m.[39merror([32m'Error al confirmar transacci├│n Webpay:'[39m[33m,[39m error)[33m;[39m
     [90m     |[39m             [31m[1m^[22m[39m
     [90m 147 |[39m     
     [90m 148 |[39m     [36mif[39m (error[33m.[39mresponse) {
     [90m 149 |[39m       console[33m.[39merror([32m'Detalles del error de confirmaci├│n:'[39m[33m,[39m error[33m.[39mresponse[33m.[39mdata [33m||[39m error[33m.[39mresponse)[33m;[39m[0m

      at Object.error [as confirmPaymentTransaction] (services/transbank.service.js:146:13)
      at Object.confirmPaymentTransaction (tests/unit/services/transbank.test.js:194:26)

  console.error
    Error al confirmar transacci├│n Webpay: TypeError: Cannot read properties of undefined (reading 'response_code')
        at Object.response_code [as confirmPaymentTransaction] (C:\Users\shark\OneDrive\Escritorio\autopartsduoc\server\services\transbank.service.js:128:33)
        at processTicksAndRejections (node:internal/process/task_queues:105:5)
        at Object.<anonymous>.exports.getTransactionStatus (C:\Users\shark\OneDrive\Escritorio\autopartsduoc\server\services\transbank.service.js:207:29)
        at Object.<anonymous> (C:\Users\shark\OneDrive\Escritorio\autopartsduoc\server\tests\unit\services\transbank.test.js:258:22)

    [0m [90m 144 |[39m     }[33m;[39m
     [90m 145 |[39m   } [36mcatch[39m (error) {
    [31m[1m>[22m[39m[90m 146 |[39m     console[33m.[39merror([32m'Error al confirmar transacci├│n Webpay:'[39m[33m,[39m error)[33m;[39m
     [90m     |[39m             [31m[1m^[22m[39m
     [90m 147 |[39m     
     [90m 148 |[39m     [36mif[39m (error[33m.[39mresponse) {
     [90m 149 |[39m       console[33m.[39merror([32m'Detalles del error de confirmaci├│n:'[39m[33m,[39m error[33m.[39mresponse[33m.[39mdata [33m||[39m error[33m.[39mresponse)[33m;[39m[0m

      at Object.error [as confirmPaymentTransaction] (services/transbank.service.js:146:13)
      at Object.<anonymous>.exports.getTransactionStatus (services/transbank.service.js:207:29)
      at Object.<anonymous> (tests/unit/services/transbank.test.js:258:22)

  console.error
    Error al obtener estado de transacci├│n: Error: No se pudo confirmar la transacci├│n: Cannot read properties of undefined (reading 'response_code')
        at Object.<anonymous>.exports.confirmPaymentTransaction (C:\Users\shark\OneDrive\Escritorio\autopartsduoc\server\services\transbank.service.js:152:11)
        at processTicksAndRejections (node:internal/process/task_queues:105:5)
        at Object.<anonymous>.exports.getTransactionStatus (C:\Users\shark\OneDrive\Escritorio\autopartsduoc\server\services\transbank.service.js:207:29)
        at Object.<anonymous> (C:\Users\shark\OneDrive\Escritorio\autopartsduoc\server\tests\unit\services\transbank.test.js:258:22)

    [0m [90m 215 |[39m     }[33m;[39m
     [90m 216 |[39m   } [36mcatch[39m (error) {
    [31m[1m>[22m[39m[90m 217 |[39m     console[33m.[39merror([32m'Error al obtener estado de transacci├│n:'[39m[33m,[39m error)[33m;[39m
     [90m     |[39m             [31m[1m^[22m[39m
     [90m 218 |[39m     
     [90m 219 |[39m     [36mreturn[39m {
     [90m 220 |[39m       token[33m,[39m[0m

      at Object.error [as getTransactionStatus] (services/transbank.service.js:217:13)
      at Object.<anonymous> (tests/unit/services/transbank.test.js:258:22)

  console.error
    Error al confirmar transacci├│n Webpay: TypeError: Cannot read properties of undefined (reading 'response_code')
        at Object.response_code [as confirmPaymentTransaction] (C:\Users\shark\OneDrive\Escritorio\autopartsduoc\server\services\transbank.service.js:128:33)
        at processTicksAndRejections (node:internal/process/task_queues:105:5)
        at Object.<anonymous>.exports.getTransactionStatus (C:\Users\shark\OneDrive\Escritorio\autopartsduoc\server\services\transbank.service.js:207:29)
        at Object.<anonymous> (C:\Users\shark\OneDrive\Escritorio\autopartsduoc\server\tests\unit\services\transbank.test.js:271:22)

    [0m [90m 144 |[39m     }[33m;[39m
     [90m 145 |[39m   } [36mcatch[39m (error) {
    [31m[1m>[22m[39m[90m 146 |[39m     console[33m.[39merror([32m'Error al confirmar transacci├│n Webpay:'[39m[33m,[39m error)[33m;[39m
     [90m     |[39m             [31m[1m^[22m[39m
     [90m 147 |[39m     
     [90m 148 |[39m     [36mif[39m (error[33m.[39mresponse) {
     [90m 149 |[39m       console[33m.[39merror([32m'Detalles del error de confirmaci├│n:'[39m[33m,[39m error[33m.[39mresponse[33m.[39mdata [33m||[39m error[33m.[39mresponse)[33m;[39m[0m

      at Object.error [as confirmPaymentTransaction] (services/transbank.service.js:146:13)
      at Object.<anonymous>.exports.getTransactionStatus (services/transbank.service.js:207:29)
      at Object.<anonymous> (tests/unit/services/transbank.test.js:271:22)

  console.error
    Error al obtener estado de transacci├│n: Error: No se pudo confirmar la transacci├│n: Cannot read properties of undefined (reading 'response_code')
        at Object.<anonymous>.exports.confirmPaymentTransaction (C:\Users\shark\OneDrive\Escritorio\autopartsduoc\server\services\transbank.service.js:152:11)
        at processTicksAndRejections (node:internal/process/task_queues:105:5)
        at Object.<anonymous>.exports.getTransactionStatus (C:\Users\shark\OneDrive\Escritorio\autopartsduoc\server\services\transbank.service.js:207:29)
        at Object.<anonymous> (C:\Users\shark\OneDrive\Escritorio\autopartsduoc\server\tests\unit\services\transbank.test.js:271:22)

    [0m [90m 215 |[39m     }[33m;[39m
     [90m 216 |[39m   } [36mcatch[39m (error) {
    [31m[1m>[22m[39m[90m 217 |[39m     console[33m.[39merror([32m'Error al obtener estado de transacci├│n:'[39m[33m,[39m error)[33m;[39m
     [90m     |[39m             [31m[1m^[22m[39m
     [90m 218 |[39m     
     [90m 219 |[39m     [36mreturn[39m {
     [90m 220 |[39m       token[33m,[39m[0m

      at Object.error [as getTransactionStatus] (services/transbank.service.js:217:13)
      at Object.<anonymous> (tests/unit/services/transbank.test.js:271:22)

  console.error
    Error al crear transacci├│n Webpay: TypeError: Cannot read properties of undefined (reading 'token')
        at Object.token [as createPaymentTransaction] (C:\Users\shark\OneDrive\Escritorio\autopartsduoc\server\services\transbank.service.js:102:23)
        at processTicksAndRejections (node:internal/process/task_queues:105:5)
        at Object.<anonymous> (C:\Users\shark\OneDrive\Escritorio\autopartsduoc\server\tests\unit\services\transbank.test.js:331:7)

    [0m [90m 107 |[39m     }[33m;[39m
     [90m 108 |[39m   } [36mcatch[39m (error) {
    [31m[1m>[22m[39m[90m 109 |[39m     console[33m.[39merror([32m'Error al crear transacci├│n Webpay:'[39m[33m,[39m error)[33m;[39m
     [90m     |[39m             [31m[1m^[22m[39m
     [90m 110 |[39m     
     [90m 111 |[39m     [36mif[39m (error[33m.[39mresponse) {
     [90m 112 |[39m       console[33m.[39merror([32m'Detalles del error de Transbank:'[39m[33m,[39m error[33m.[39mresponse[33m.[39mdata [33m||[39m error[33m.[39mresponse)[33m;[39m[0m

      at Object.error [as createPaymentTransaction] (services/transbank.service.js:109:13)
      at Object.<anonymous> (tests/unit/services/transbank.test.js:331:7)

  console.error
    Error al crear transacci├│n Webpay: TypeError: Cannot read properties of undefined (reading 'token')
        at Object.token [as createPaymentTransaction] (C:\Users\shark\OneDrive\Escritorio\autopartsduoc\server\services\transbank.service.js:102:23)
        at processTicksAndRejections (node:internal/process/task_queues:105:5)
        at Object.<anonymous> (C:\Users\shark\OneDrive\Escritorio\autopartsduoc\server\tests\unit\services\transbank.test.js:342:7)

    [0m [90m 107 |[39m     }[33m;[39m
     [90m 108 |[39m   } [36mcatch[39m (error) {
    [31m[1m>[22m[39m[90m 109 |[39m     console[33m.[39merror([32m'Error al crear transacci├│n Webpay:'[39m[33m,[39m error)[33m;[39m
     [90m     |[39m             [31m[1m^[22m[39m
     [90m 110 |[39m     
     [90m 111 |[39m     [36mif[39m (error[33m.[39mresponse) {
     [90m 112 |[39m       console[33m.[39merror([32m'Detalles del error de Transbank:'[39m[33m,[39m error[33m.[39mresponse[33m.[39mdata [33m||[39m error[33m.[39mresponse)[33m;[39m[0m

      at Object.error [as createPaymentTransaction] (services/transbank.service.js:109:13)
      at Object.<anonymous> (tests/unit/services/transbank.test.js:342:7)

  console.error
    Error al crear transacci├│n Webpay: CastError: Cast to ObjectId failed for value "aaaaaaaaaaaaaaaaaaaaaaaaaaaaaaaaaaaaaaaaaaaaaaaaaa" (type string) at path "_id" for model "Order"
        at model.Query.exec (C:\Users\shark\OneDrive\Escritorio\autopartsduoc\server\node_modules\mongoose\lib\query.js:4921:21)
        at model.Query.Object.<anonymous>.Query.then (C:\Users\shark\OneDrive\Escritorio\autopartsduoc\server\node_modules\mongoose\lib\query.js:5020:15)
        at processTicksAndRejections (node:internal/process/task_queues:105:5) {
      messageFormat: undefined,
      stringValue: '"aaaaaaaaaaaaaaaaaaaaaaaaaaaaaaaaaaaaaaaaaaaaaaaaaa"',
      kind: 'ObjectId',
      value: 'aaaaaaaaaaaaaaaaaaaaaaaaaaaaaaaaaaaaaaaaaaaaaaaaaa',
      path: '_id',
      reason: BSONTypeError: Argument passed in must be a string of 12 bytes or a string of 24 hex characters or an integer
          at new BSONTypeError (C:\Users\shark\OneDrive\Escritorio\autopartsduoc\server\node_modules\bson\src\error.ts:16:5)
          at new ObjectId (C:\Users\shark\OneDrive\Escritorio\autopartsduoc\server\node_modules\bson\src\objectid.ts:88:15)
          at castObjectId (C:\Users\shark\OneDrive\Escritorio\autopartsduoc\server\node_modules\mongoose\lib\cast\objectid.js:25:12)
          at ObjectId.Object.<anonymous>.ObjectId.cast (C:\Users\shark\OneDrive\Escritorio\autopartsduoc\server\node_modules\mongoose\lib\schema\objectid.js:246:12)
          at ObjectId.Object.<anonymous>.SchemaType.applySetters (C:\Users\shark\OneDrive\Escritorio\autopartsduoc\server\node_modules\mongoose\lib\schematype.js:1201:12)
          at ObjectId.Object.<anonymous>.SchemaType._castForQuery (C:\Users\shark\OneDrive\Escritorio\autopartsduoc\server\node_modules\mongoose\lib\schematype.js:1651:15)
          at ObjectId.Object.<anonymous>.SchemaType.castForQuery (C:\Users\shark\OneDrive\Escritorio\autopartsduoc\server\node_modules\mongoose\lib\schematype.js:1639:15)
          at ObjectId.Object.<anonymous>.SchemaType.castForQueryWrapper (C:\Users\shark\OneDrive\Escritorio\autopartsduoc\server\node_modules\mongoose\lib\schematype.js:1615:20)
          at cast (C:\Users\shark\OneDrive\Escritorio\autopartsduoc\server\node_modules\mongoose\lib\cast.js:356:32)
          at model.Query.Object.<anonymous>.Query.cast (C:\Users\shark\OneDrive\Escritorio\autopartsduoc\server\node_modules\mongoose\lib\query.js:5351:12)
          at castQuery (C:\Users\shark\OneDrive\Escritorio\autopartsduoc\server\node_modules\mongoose\lib\query.js:5152:18)
          at model.Query.Object.<anonymous>.Query._findAndModify (C:\Users\shark\OneDrive\Escritorio\autopartsduoc\server\node_modules\mongoose\lib\query.js:3984:23)
          at model.Query.<anonymous> (C:\Users\shark\OneDrive\Escritorio\autopartsduoc\server\node_modules\mongoose\lib\query.js:3502:8)
          at model.Query._wrappedThunk [as _findOneAndUpdate] (C:\Users\shark\OneDrive\Escritorio\autopartsduoc\server\node_modules\mongoose\lib\helpers\query\wrapThunk.js:29:8)
          at C:\Users\shark\OneDrive\Escritorio\autopartsduoc\server\node_modules\kareem\index.js:497:25
          at processTicksAndRejections (node:internal/process/task_queues:85:11),
      valueType: 'string'
    }

    [0m [90m 107 |[39m     }[33m;[39m
     [90m 108 |[39m   } [36mcatch[39m (error) {
    [31m[1m>[22m[39m[90m 109 |[39m     console[33m.[39merror([32m'Error al crear transacci├│n Webpay:'[39m[33m,[39m error)[33m;[39m
     [90m     |[39m             [31m[1m^[22m[39m
     [90m 110 |[39m     
     [90m 111 |[39m     [36mif[39m (error[33m.[39mresponse) {
     [90m 112 |[39m       console[33m.[39merror([32m'Detalles del error de Transbank:'[39m[33m,[39m error[33m.[39mresponse[33m.[39mdata [33m||[39m error[33m.[39mresponse)[33m;[39m[0m

      at Object.error [as createPaymentTransaction] (services/transbank.service.js:109:13)
      at Object.<anonymous> (tests/unit/services/transbank.test.js:359:22)

  console.error
    Error al crear transacci├│n Webpay: TypeError: Cannot read properties of undefined (reading 'token')
        at Object.token [as createPaymentTransaction] (C:\Users\shark\OneDrive\Escritorio\autopartsduoc\server\services\transbank.service.js:102:23)
        at processTicksAndRejections (node:internal/process/task_queues:105:5)
        at Object.<anonymous> (C:\Users\shark\OneDrive\Escritorio\autopartsduoc\server\tests\unit\services\transbank.test.js:381:7)

    [0m [90m 107 |[39m     }[33m;[39m
     [90m 108 |[39m   } [36mcatch[39m (error) {
    [31m[1m>[22m[39m[90m 109 |[39m     console[33m.[39merror([32m'Error al crear transacci├│n Webpay:'[39m[33m,[39m error)[33m;[39m
     [90m     |[39m             [31m[1m^[22m[39m
     [90m 110 |[39m     
     [90m 111 |[39m     [36mif[39m (error[33m.[39mresponse) {
     [90m 112 |[39m       console[33m.[39merror([32m'Detalles del error de Transbank:'[39m[33m,[39m error[33m.[39mresponse[33m.[39mdata [33m||[39m error[33m.[39mresponse)[33m;[39m[0m

      at Object.error [as createPaymentTransaction] (services/transbank.service.js:109:13)
      at Object.<anonymous> (tests/unit/services/transbank.test.js:381:7)

  console.log
    Ô£à Limpieza de pruebas completada

      at Object.log (tests/setup.js:44:13)

FAIL tests/unit/services/transbank.test.js
  Servicio Transbank
    Generaci├│n de identificadores
      ├ù debe generar buyOrder v├ílido para ID corto (129 ms)
      ├ù debe generar buyOrder v├ílido para ID largo (84 ms)
      ├ù debe generar sessionId v├ílido (81 ms)
    Creaci├│n de transacciones
      ├ù debe crear transacci├│n exitosamente (96 ms)
      ÔêÜ debe manejar error en creaci├│n de transacci├│n (89 ms)
      ÔêÜ debe validar datos de orden requeridos (84 ms)
      ÔêÜ debe validar totalPrice en orden (83 ms)
    Confirmaci├│n de transacciones
      ├ù debe confirmar transacci├│n aprobada (82 ms)
      ├ù debe confirmar transacci├│n rechazada (86 ms)
      ÔêÜ debe manejar error en confirmaci├│n (82 ms)
      ÔêÜ debe requerir token para confirmaci├│n (82 ms)
    Extracci├│n de orderId
      ÔêÜ debe extraer orderId del mapa global (79 ms)
      ÔêÜ debe extraer orderId por parsing cuando no est├í en mapa (88 ms)
      ├ù debe retornar null para buyOrder inv├ílido (83 ms)
    B├║squeda por buyOrder en base de datos
      ÔêÜ debe encontrar orderId en base de datos (86 ms)
      ÔêÜ debe retornar null si no encuentra orden (82 ms)
    Estado de transacci├│n
      ├ù debe obtener estado de transacci├│n exitosa (85 ms)
      ÔêÜ debe manejar error en consulta de estado (84 ms)
    Reembolsos
      ÔêÜ debe procesar reembolso simulado (78 ms)
      ÔêÜ debe incluir nota sobre implementaci├│n en producci├│n (80 ms)
    Validaci├│n de configuraci├│n
      ÔêÜ debe validar configuraci├│n de integraci├│n (79 ms)
      ÔêÜ debe detectar entorno de producci├│n (78 ms)
    Manejo de errores de respuesta de Transbank
      ÔêÜ debe manejar error con detalles de respuesta (85 ms)
      ├ù debe manejar error sin detalles de respuesta (92 ms)
    Validaciones de longitud de par├ímetros
      ├ù debe validar longitud m├íxima de buyOrder (90 ms)
      ├ù debe generar sessionId dentro del l├¡mite (81 ms)
    Actualizaci├│n de orden en base de datos
      ├ù debe actualizar orden con datos de pago (84 ms)

  ÔùÅ Servicio Transbank ÔÇ║ Generaci├│n de identificadores ÔÇ║ debe generar buyOrder v├ílido 
para ID corto

    TypeError: transbankService.generateBuyOrder is not a function

    [0m [90m 66 |[39m     test([32m'debe generar buyOrder v├ílido para ID 
corto'[39m[33m,[39m () [33m=>[39m {
     [90m 67 |[39m       [36mconst[39m orderId [33m=[39m [32m'12345'[39m[33m;[39m
    [31m[1m>[22m[39m[90m 68 |[39m       [36mconst[39m buyOrder [33m=[39m 
transbankService[33m.[39mgenerateBuyOrder(orderId)[33m;[39m
     [90m    |[39m                                         [31m[1m^[22m[39m
     [90m 69 |[39m       
     [90m 70 |[39m       expect(buyOrder)[33m.[39mtoContain([32m'12345_'[39m)[33m;[39m
     [90m 71 |[39m       
expect(buyOrder[33m.[39mlength)[33m.[39mtoBeLessThanOrEqual([35m26[39m)[33m;[39m[0m

      at Object.generateBuyOrder (tests/unit/services/transbank.test.js:68:41)

  ÔùÅ Servicio Transbank ÔÇ║ Generaci├│n de identificadores ÔÇ║ debe generar buyOrder v├ílido 
para ID largo

    TypeError: transbankService.generateBuyOrder is not a function

    [0m [90m 74 |[39m     test([32m'debe generar buyOrder v├ílido para ID 
largo'[39m[33m,[39m () [33m=>[39m {
     [90m 75 |[39m       [36mconst[39m longOrderId [33m=[39m 
[32m'507f1f77bcf86cd799439011abcdef'[39m[33m;[39m
    [31m[1m>[22m[39m[90m 76 |[39m       [36mconst[39m buyOrder [33m=[39m 
transbankService[33m.[39mgenerateBuyOrder(longOrderId)[33m;[39m
     [90m    |[39m                                         [31m[1m^[22m[39m
     [90m 77 |[39m       
     [90m 78 |[39m       
expect(buyOrder[33m.[39mlength)[33m.[39mtoBeLessThanOrEqual([35m26[39m)[33m;[39m
     [90m 79 |[39m       expect(buyOrder)[33m.[39mtoContain([32m'_'[39m)[33m;[39m[0m

      at Object.generateBuyOrder (tests/unit/services/transbank.test.js:76:41)

  ÔùÅ Servicio Transbank ÔÇ║ Generaci├│n de identificadores ÔÇ║ debe generar sessionId v├ílido

    TypeError: transbankService.generateSessionId is not a function

    [0m [90m 82 |[39m     test([32m'debe generar sessionId v├ílido'[39m[33m,[39m () 
[33m=>[39m {
     [90m 83 |[39m       [36mconst[39m userId [33m=[39m 
user[33m.[39m_id[33m.[39mtoString()[33m;[39m
    [31m[1m>[22m[39m[90m 84 |[39m       [36mconst[39m sessionId [33m=[39m 
transbankService[33m.[39mgenerateSessionId(userId)[33m;[39m
     [90m    |[39m                                          [31m[1m^[22m[39m
     [90m 85 |[39m       
     [90m 86 |[39m       
expect(sessionId)[33m.[39mtoMatch([35m/^S.+T\d{10}$/[39m)[33m;[39m
     [90m 87 |[39m       
expect(sessionId[33m.[39mlength)[33m.[39mtoBeLessThanOrEqual([35m61[39m)[33m;[39m[0m

      at Object.generateSessionId (tests/unit/services/transbank.test.js:84:42)

  ÔùÅ Servicio Transbank ÔÇ║ Creaci├│n de transacciones ÔÇ║ debe crear transacci├│n exitosamente

    No se pudo crear la transacci├│n de pago: Cannot read properties of undefined (reading 
'token')

    [0m [90m 113 |[39m     }
     [90m 114 |[39m     
    [31m[1m>[22m[39m[90m 115 |[39m     [36mthrow[39m [36mnew[39m 
[33mError[39m([32m`No se pudo crear la transacci├│n de pago: ${error.message}`[39m)[33m;[39m
     [90m     |[39m           [31m[1m^[22m[39m
     [90m 116 |[39m   }
     [90m 117 |[39m }[33m;[39m
     [90m 118 |[39m[0m

      at Object.<anonymous>.exports.createPaymentTransaction 
(services/transbank.service.js:115:11)
      at Object.<anonymous> (tests/unit/services/transbank.test.js:101:22)

  ÔùÅ Servicio Transbank ÔÇ║ Confirmaci├│n de transacciones ÔÇ║ debe confirmar transacci├│n 
aprobada

    No se pudo confirmar la transacci├│n: Cannot read properties of undefined (reading 
'response_code')

    [0m [90m 150 |[39m     }
     [90m 151 |[39m     
    [31m[1m>[22m[39m[90m 152 |[39m     [36mthrow[39m [36mnew[39m 
[33mError[39m([32m`No se pudo confirmar la transacci├│n: ${error.message}`[39m)[33m;[39m
     [90m     |[39m           [31m[1m^[22m[39m
     [90m 153 |[39m   }
     [90m 154 |[39m }[33m;[39m
     [90m 155 |[39m[0m

      at Object.<anonymous>.exports.confirmPaymentTransaction 
(services/transbank.service.js:152:11)
      at Object.<anonymous> (tests/unit/services/transbank.test.js:154:22)

  ÔùÅ Servicio Transbank ÔÇ║ Confirmaci├│n de transacciones ÔÇ║ debe confirmar transacci├│n 
rechazada

    No se pudo confirmar la transacci├│n: Cannot read properties of undefined (reading 
'response_code')

    [0m [90m 150 |[39m     }
     [90m 151 |[39m     
    [31m[1m>[22m[39m[90m 152 |[39m     [36mthrow[39m [36mnew[39m 
[33mError[39m([32m`No se pudo confirmar la transacci├│n: ${error.message}`[39m)[33m;[39m
     [90m     |[39m           [31m[1m^[22m[39m
     [90m 153 |[39m   }
     [90m 154 |[39m }[33m;[39m
     [90m 155 |[39m[0m

      at Object.<anonymous>.exports.confirmPaymentTransaction 
(services/transbank.service.js:152:11)
      at Object.<anonymous> (tests/unit/services/transbank.test.js:174:22)

  ÔùÅ Servicio Transbank ÔÇ║ Extracci├│n de orderId ÔÇ║ debe retornar null para buyOrder inv├ílido

    expect(received).toBeNull()

    Received: "invalid"

    [0m [90m 222 |[39m       
     [90m 223 |[39m       [36mconst[39m extracted [33m=[39m 
transbankService[33m.[39mextractOrderIdFromBuyOrder(buyOrder)[33m;[39m
    [31m[1m>[22m[39m[90m 224 |[39m       expect(extracted)[33m.[39mtoBeNull()[33m;[39m
     [90m     |[39m                         [31m[1m^[22m[39m
     [90m 225 |[39m     })[33m;[39m
     [90m 226 |[39m   })[33m;[39m
     [90m 227 |[39m[0m

      at Object.toBeNull (tests/unit/services/transbank.test.js:224:25)

  ÔùÅ Servicio Transbank ÔÇ║ Estado de transacci├│n ÔÇ║ debe obtener estado de transacci├│n 
exitosa

    expect(received).toBe(expected) // Object.is equality

    Expected: "approved"
    Received: "error"

    [0m [90m 258 |[39m       [36mconst[39m status [33m=[39m [36mawait[39m 
transbankService[33m.[39mgetTransactionStatus([32m'test_token'[39m)[33m;[39m
     [90m 259 |[39m       
    [31m[1m>[22m[39m[90m 260 |[39m       
expect(status[33m.[39mstatus)[33m.[39mtoBe([32m'approved'[39m)[33m;[39m
     [90m     |[39m                             [31m[1m^[22m[39m
     [90m 261 |[39m       
expect(status[33m.[39misApproved)[33m.[39mtoBe([36mtrue[39m)[33m;[39m
     [90m 262 |[39m       
expect(status[33m.[39mtoken)[33m.[39mtoBe([32m'test_token'[39m)[33m;[39m
     [90m 263 |[39m     })[33m;[39m[0m

      at Object.toBe (tests/unit/services/transbank.test.js:260:29)

  ÔùÅ Servicio Transbank ÔÇ║ Manejo de errores de respuesta de Transbank ÔÇ║ debe manejar error 
sin detalles de respuesta

    expect(received).rejects.toThrow(expected)

    Expected substring: "Network error"
    Received message:   "No se pudo crear la transacci├│n de pago: Cannot read properties of 
undefined (reading 'token')"

        [0m [90m 113 |[39m     }
         [90m 114 |[39m     
        [31m[1m>[22m[39m[90m 115 |[39m     [36mthrow[39m [36mnew[39m 
[33mError[39m([32m`No se pudo crear la transacci├│n de pago: ${error.message}`[39m)[33m;[39m
         [90m     |[39m           [31m[1m^[22m[39m
         [90m 116 |[39m   }
         [90m 117 |[39m }[33m;[39m
         [90m 118 |[39m[0m

      at Object.<anonymous>.exports.createPaymentTransaction 
(services/transbank.service.js:115:11)
      at Object.<anonymous> (tests/unit/services/transbank.test.js:342:7)
      at Object.toThrow (node_modules/expect/build/index.js:218:22)
      at Object.toThrow (tests/unit/services/transbank.test.js:344:17)

  ÔùÅ Servicio Transbank ÔÇ║ Validaciones de longitud de par├ímetros ÔÇ║ debe validar longitud 
m├íxima de buyOrder

    No se pudo crear la transacci├│n de pago: Cast to ObjectId failed for value 
"aaaaaaaaaaaaaaaaaaaaaaaaaaaaaaaaaaaaaaaaaaaaaaaaaa" (type string) at path "_id" for model "Order"

    [0m [90m 113 |[39m     }
     [90m 114 |[39m     
    [31m[1m>[22m[39m[90m 115 |[39m     [36mthrow[39m [36mnew[39m 
[33mError[39m([32m`No se pudo crear la transacci├│n de pago: ${error.message}`[39m)[33m;[39m
     [90m     |[39m           [31m[1m^[22m[39m
     [90m 116 |[39m   }
     [90m 117 |[39m }[33m;[39m
     [90m 118 |[39m[0m

      at Object.<anonymous>.exports.createPaymentTransaction 
(services/transbank.service.js:115:11)
      at Object.<anonymous> (tests/unit/services/transbank.test.js:359:22)

  ÔùÅ Servicio Transbank ÔÇ║ Validaciones de longitud de par├ímetros ÔÇ║ debe generar sessionId 
dentro del l├¡mite

    TypeError: transbankService.generateSessionId is not a function

    [0m [90m 363 |[39m     test([32m'debe generar sessionId dentro del 
l├¡mite'[39m[33m,[39m () [33m=>[39m {
     [90m 364 |[39m       [36mconst[39m longUserId [33m=[39m 
[32m'a'[39m[33m.[39mrepeat([35m50[39m)[33m;[39m
    [31m[1m>[22m[39m[90m 365 |[39m       [36mconst[39m sessionId [33m=[39m 
transbankService[33m.[39mgenerateSessionId(longUserId)[33m;[39m
     [90m     |[39m                                          [31m[1m^[22m[39m
     [90m 366 |[39m       
     [90m 367 |[39m       
expect(sessionId[33m.[39mlength)[33m.[39mtoBeLessThanOrEqual([35m61[39m)[33m;[39m
     [90m 368 |[39m     })[33m;[39m[0m

      at Object.generateSessionId (tests/unit/services/transbank.test.js:365:42)

  ÔùÅ Servicio Transbank ÔÇ║ Actualizaci├│n de orden en base de datos ÔÇ║ debe actualizar orden 
con datos de pago

    No se pudo crear la transacci├│n de pago: Cannot read properties of undefined (reading 
'token')

    [0m [90m 113 |[39m     }
     [90m 114 |[39m     
    [31m[1m>[22m[39m[90m 115 |[39m     [36mthrow[39m [36mnew[39m 
[33mError[39m([32m`No se pudo crear la transacci├│n de pago: ${error.message}`[39m)[33m;[39m
     [90m     |[39m           [31m[1m^[22m[39m
     [90m 116 |[39m   }
     [90m 117 |[39m }[33m;[39m
     [90m 118 |[39m[0m

      at Object.<anonymous>.exports.createPaymentTransaction 
(services/transbank.service.js:115:11)
      at Object.<anonymous> (tests/unit/services/transbank.test.js:381:7)

  console.log
    Ô£à Conexi├│n a MongoDB de pruebas establecida

      at Object.log (tests/setup.js:16:13)

  console.error
    Error en registro: Error: User validation failed: email: Por favor ingrese un email, password: Por favor ingrese una contrase├▒a
        at ValidationError.inspect (C:\Users\shark\OneDrive\Escritorio\autopartsduoc\server\node_modules\mongoose\lib\error\validation.js:50:26)
        at formatValue (node:internal/util/inspect:877:19)
        at inspect (node:internal/util/inspect:404:10)
        at formatWithOptionsInternal (node:internal/util/inspect:2402:40)
        at format (node:internal/util/inspect:2259:10)
        at console.error (C:\Users\shark\OneDrive\Escritorio\autopartsduoc\server\node_modules\@jest\console\build\CustomConsole.js:112:48)
        at error (C:\Users\shark\OneDrive\Escritorio\autopartsduoc\server\controllers\auth.controller.js:64:13)
        at processTicksAndRejections (node:internal/process/task_queues:105:5) {
      errors: {
        email: ValidatorError: Por favor ingrese un email
            at validate (C:\Users\shark\OneDrive\Escritorio\autopartsduoc\server\node_modules\mongoose\lib\schematype.js:1347:13)
            at SchemaString.Object.<anonymous>.SchemaType.doValidate (C:\Users\shark\OneDrive\Escritorio\autopartsduoc\server\node_modules\mongoose\lib\schematype.js:1331:7)
            at C:\Users\shark\OneDrive\Escritorio\autopartsduoc\server\node_modules\mongoose\lib\document.js:2977:18
            at processTicksAndRejections (node:internal/process/task_queues:85:11) {
          properties: [Object],
          kind: 'required',
          path: 'email',
          value: undefined,
          reason: undefined,
          [Symbol(mongoose:validatorError)]: true
        },
        password: ValidatorError: Por favor ingrese una contrase├▒a
            at validate (C:\Users\shark\OneDrive\Escritorio\autopartsduoc\server\node_modules\mongoose\lib\schematype.js:1347:13)
            at SchemaString.Object.<anonymous>.SchemaType.doValidate (C:\Users\shark\OneDrive\Escritorio\autopartsduoc\server\node_modules\mongoose\lib\schematype.js:1331:7)
            at C:\Users\shark\OneDrive\Escritorio\autopartsduoc\server\node_modules\mongoose\lib\document.js:2977:18
            at processTicksAndRejections (node:internal/process/task_queues:85:11) {
          properties: [Object],
          kind: 'required',
          path: 'password',
          value: undefined,
          reason: undefined,
          [Symbol(mongoose:validatorError)]: true
        }
      },
      _message: 'User validation failed'
    }

    [0m [90m 62 |[39m     sendTokenResponse(user[33m,[39m [35m201[39m[33m,[39m res)[33m;[39m
     [90m 63 |[39m   } [36mcatch[39m (err) {
    [31m[1m>[22m[39m[90m 64 |[39m     console[33m.[39merror([32m'Error en registro:'[39m[33m,[39m err)[33m;[39m
     [90m    |[39m             [31m[1m^[22m[39m
     [90m 65 |[39m     
     [90m 66 |[39m     [90m// Manejar errores espec├¡ficos de validaci├│n[39m
     [90m 67 |[39m     [36mif[39m (err[33m.[39mname [33m===[39m [32m'ValidationError'[39m) {[0m

      at error (controllers/auth.controller.js:64:13)

  console.log
    Token decodificado: { id: '6860ce02f79dd2b232bd359e', iat: 1751174658, exp: 1753766658 }

      at log (middleware/auth.js:33:13)

  console.error
    Error en middleware de autenticaci├│n: JsonWebTokenError {
      name: 'JsonWebTokenError',
      message: 'jwt malformed'
    }

    [0m [90m 46 |[39m     next()[33m;[39m
     [90m 47 |[39m   } [36mcatch[39m (err) {
    [31m[1m>[22m[39m[90m 48 |[39m     console[33m.[39merror([32m'Error en middleware de autenticaci├│n:'[39m[33m,[39m err)[33m;[39m
     [90m    |[39m             [31m[1m^[22m[39m
     [90m 49 |[39m     
     [90m 50 |[39m     [90m// Error espec├¡fico para token expirado[39m
     [90m 51 |[39m     [36mif[39m (err[33m.[39mname [33m===[39m [32m'TokenExpiredError'[39m) {[0m

      at error (middleware/auth.js:48:13)
      at Layer.handle [as handle_request] (node_modules/express/lib/router/layer.js:95:5)
      at next (node_modules/express/lib/router/route.js:149:13)
      at Route.dispatch (node_modules/express/lib/router/route.js:119:3)
      at Layer.handle [as handle_request] (node_modules/express/lib/router/layer.js:95:5)
      at node_modules/express/lib/router/index.js:284:15
      at Function.process_params (node_modules/express/lib/router/index.js:346:12)
      at next (node_modules/express/lib/router/index.js:280:10)
      at Function.handle (node_modules/express/lib/router/index.js:175:3)
      at router (node_modules/express/lib/router/index.js:47:12)
      at Layer.handle [as handle_request] (node_modules/express/lib/router/layer.js:95:5)
      at trim_prefix (node_modules/express/lib/router/index.js:328:13)
      at node_modules/express/lib/router/index.js:286:9
      at Function.process_params (node_modules/express/lib/router/index.js:346:12)
      at next (node_modules/express/lib/router/index.js:280:10)
      at jsonParser (node_modules/body-parser/lib/types/json.js:113:7)
      at Layer.handle [as handle_request] (node_modules/express/lib/router/layer.js:95:5)
      at trim_prefix (node_modules/express/lib/router/index.js:328:13)
      at node_modules/express/lib/router/index.js:286:9
      at Function.process_params (node_modules/express/lib/router/index.js:346:12)
      at next (node_modules/express/lib/router/index.js:280:10)
      at expressInit (node_modules/express/lib/middleware/init.js:40:5)
      at Layer.handle [as handle_request] (node_modules/express/lib/router/layer.js:95:5)
      at trim_prefix (node_modules/express/lib/router/index.js:328:13)
      at node_modules/express/lib/router/index.js:286:9
      at Function.process_params (node_modules/express/lib/router/index.js:346:12)
      at next (node_modules/express/lib/router/index.js:280:10)
      at query (node_modules/express/lib/middleware/query.js:45:5)
      at Layer.handle [as handle_request] (node_modules/express/lib/router/layer.js:95:5)
      at trim_prefix (node_modules/express/lib/router/index.js:328:13)
      at node_modules/express/lib/router/index.js:286:9
      at Function.process_params (node_modules/express/lib/router/index.js:346:12)
      at next (node_modules/express/lib/router/index.js:280:10)
      at Function.handle (node_modules/express/lib/router/index.js:175:3)
      at Function.handle (node_modules/express/lib/application.js:181:10)
      at Server.app (node_modules/express/lib/express.js:39:9)

  console.log
    Token decodificado: { id: '6860ce02f79dd2b232bd35a9', iat: 1751174658, exp: 1753766658 }

      at log (middleware/auth.js:33:13)

  console.log
    Token decodificado: { id: '6860ce02f79dd2b232bd35b0', iat: 1751174659, exp: 1753766659 }

      at log (middleware/auth.js:33:13)

  console.log
    Token decodificado: { id: '6860ce03f79dd2b232bd35b8', iat: 1751174659, exp: 1753766659 }

      at log (middleware/auth.js:33:13)

  console.log
    Token decodificado: { id: '6860ce03f79dd2b232bd35bf', iat: 1751174659, exp: 1753766659 }

      at log (middleware/auth.js:33:13)

  console.log
    Token decodificado: { id: '6860ce03f79dd2b232bd35c7', iat: 1751174659, exp: 1753766659 }

      at log (middleware/auth.js:33:13)

  console.error
    Error en registro: Error: User validation failed: email: Por favor ingrese un email v├ílido
        at ValidationError.inspect (C:\Users\shark\OneDrive\Escritorio\autopartsduoc\server\node_modules\mongoose\lib\error\validation.js:50:26)
        at formatValue (node:internal/util/inspect:877:19)
        at inspect (node:internal/util/inspect:404:10)
        at formatWithOptionsInternal (node:internal/util/inspect:2402:40)
        at format (node:internal/util/inspect:2259:10)
        at console.error (C:\Users\shark\OneDrive\Escritorio\autopartsduoc\server\node_modules\@jest\console\build\CustomConsole.js:112:48)
        at error (C:\Users\shark\OneDrive\Escritorio\autopartsduoc\server\controllers\auth.controller.js:64:13)
        at processTicksAndRejections (node:internal/process/task_queues:105:5) {
      errors: {
        email: ValidatorError: Por favor ingrese un email v├ílido
            at validate (C:\Users\shark\OneDrive\Escritorio\autopartsduoc\server\node_modules\mongoose\lib\schematype.js:1347:13)
            at SchemaString.Object.<anonymous>.SchemaType.doValidate (C:\Users\shark\OneDrive\Escritorio\autopartsduoc\server\node_modules\mongoose\lib\schematype.js:1331:7)
            at C:\Users\shark\OneDrive\Escritorio\autopartsduoc\server\node_modules\mongoose\lib\document.js:2977:18
            at processTicksAndRejections (node:internal/process/task_queues:85:11) {
          properties: [Object],
          kind: 'regexp',
          path: 'email',
          value: 'email_invalido_sin_arroba',
          reason: undefined,
          [Symbol(mongoose:validatorError)]: true
        }
      },
      _message: 'User validation failed'
    }

    [0m [90m 62 |[39m     sendTokenResponse(user[33m,[39m [35m201[39m[33m,[39m res)[33m;[39m
     [90m 63 |[39m   } [36mcatch[39m (err) {
    [31m[1m>[22m[39m[90m 64 |[39m     console[33m.[39merror([32m'Error en registro:'[39m[33m,[39m err)[33m;[39m
     [90m    |[39m             [31m[1m^[22m[39m
     [90m 65 |[39m     
     [90m 66 |[39m     [90m// Manejar errores espec├¡ficos de validaci├│n[39m
     [90m 67 |[39m     [36mif[39m (err[33m.[39mname [33m===[39m [32m'ValidationError'[39m) {[0m

      at error (controllers/auth.controller.js:64:13)

  console.log
    Ô£à Limpieza de pruebas completada

      at Object.log (tests/setup.js:44:13)

FAIL tests/integration/controllers/auth.test.js
  Controlador Auth - Integraci├│n
    POST /api/auth/register
      ÔêÜ debe registrar un cliente correctamente (131 ms)
      ÔêÜ debe registrar un distribuidor correctamente (85 ms)
      ÔêÜ debe rechazar email duplicado (93 ms)
      ÔêÜ debe rechazar distribuidor sin informaci├│n requerida (14 ms)
      ÔêÜ debe validar campos requeridos (21 ms)
    POST /api/auth/login
      ÔêÜ debe iniciar sesi├│n correctamente (146 ms)
      ÔêÜ debe rechazar credenciales incorrectas (144 ms)
      ÔêÜ debe rechazar usuario inexistente (84 ms)
      ÔêÜ debe validar campos requeridos en login (79 ms)
    GET /api/auth/me
      ÔêÜ debe obtener informaci├│n del usuario autenticado (87 ms)
      ├ù debe rechazar petici├│n sin token (80 ms)
      ÔêÜ debe manejar token inv├ílido (82 ms)
    PUT /api/auth/updatedetails
      ÔêÜ debe actualizar informaci├│n del usuario (85 ms)
      ÔêÜ debe actualizar informaci├│n de distribuidor (161 ms)
      ÔêÜ debe requerir autenticaci├│n (76 ms)
    PUT /api/auth/updatepassword
      ÔêÜ debe actualizar contrase├▒a correctamente (277 ms)
      ÔêÜ debe rechazar contrase├▒a actual incorrecta (140 ms)
      ÔêÜ debe requerir autenticaci├│n (75 ms)
    GET /api/auth/logout
      ÔêÜ debe cerrar sesi├│n correctamente (80 ms)
      ÔêÜ debe requerir autenticaci├│n (73 ms)
    Validaciones de email
      ÔêÜ debe rechazar email con formato inv├ílido (29 ms)
    Cookies de autenticaci├│n
      ÔêÜ debe establecer cookie HttpOnly en login (135 ms)

  ÔùÅ Controlador Auth - Integraci├│n ÔÇ║ GET /api/auth/me ÔÇ║ debe rechazar petici├│n sin token

    expect(received).toContain(expected) // indexOf

    Expected substring: "no est├ís autenticado"
    Received string:    "No est├ís autorizado para acceder a esta ruta. Token no proporcionado."

    [0m [90m 226 |[39m
     [90m 227 |[39m       
expect(response[33m.[39mbody[33m.[39msuccess)[33m.[39mtoBe([36mfalse[39m)[33m;[39m
    [31m[1m>[22m[39m[90m 228 |[39m       
expect(response[33m.[39mbody[33m.[39merror)[33m.[39mtoContain([32m'no est├ís 
autenticado'[39m)[33m;[39m
     [90m     |[39m                                   [31m[1m^[22m[39m
     [90m 229 |[39m     })[33m;[39m
     [90m 230 |[39m
     [90m 231 |[39m     test([32m'debe manejar token inv├ílido'[39m[33m,[39m 
[36masync[39m () [33m=>[39m {[0m

      at Object.toContain (tests/integration/controllers/auth.test.js:228:35)

  console.log
    Ô£à Conexi├│n a MongoDB de pruebas establecida

      at Object.log (tests/setup.js:16:13)

  console.log
    Token decodificado: { id: '6860ce042b10ca7041fe66cd', iat: 1751174660, exp: 1753766660 }

      at log (middleware/auth.js:33:13)

  console.log
    Token decodificado: { id: '6860ce042b10ca7041fe66d2', iat: 1751174660, exp: 1753766660 }

      at log (middleware/auth.js:33:13)

  console.error
    Error en middleware de autenticaci├│n: JsonWebTokenError {
      name: 'JsonWebTokenError',
      message: 'jwt malformed'
    }

    [0m [90m 46 |[39m     next()[33m;[39m
     [90m 47 |[39m   } [36mcatch[39m (err) {
    [31m[1m>[22m[39m[90m 48 |[39m     console[33m.[39merror([32m'Error en middleware de autenticaci├│n:'[39m[33m,[39m err)[33m;[39m
     [90m    |[39m             [31m[1m^[22m[39m
     [90m 49 |[39m     
     [90m 50 |[39m     [90m// Error espec├¡fico para token expirado[39m
     [90m 51 |[39m     [36mif[39m (err[33m.[39mname [33m===[39m [32m'TokenExpiredError'[39m) {[0m

      at error (middleware/auth.js:48:13)
      at Object.protect (tests/unit/middleware/auth.test.js:69:13)

  console.error
    Error en middleware de autenticaci├│n: TokenExpiredError {
      name: 'TokenExpiredError',
      message: 'jwt expired',
      expiredAt: 2025-06-29T04:24:20.000Z
    }

    [0m [90m 46 |[39m     next()[33m;[39m
     [90m 47 |[39m   } [36mcatch[39m (err) {
    [31m[1m>[22m[39m[90m 48 |[39m     console[33m.[39merror([32m'Error en middleware de autenticaci├│n:'[39m[33m,[39m err)[33m;[39m
     [90m    |[39m             [31m[1m^[22m[39m
     [90m 49 |[39m     
     [90m 50 |[39m     [90m// Error espec├¡fico para token expirado[39m
     [90m 51 |[39m     [36mif[39m (err[33m.[39mname [33m===[39m [32m'TokenExpiredError'[39m) {[0m

      at error (middleware/auth.js:48:13)
      at Object.protect (tests/unit/middleware/auth.test.js:89:13)

  console.log
    Token decodificado: { id: '507f1f77bcf86cd799439011', iat: 1751174660 }

      at log (middleware/auth.js:33:13)

  console.log
    Token decodificado: { id: '6860ce042b10ca7041fe66e3', iat: 1751174661, exp: 1753766661 }

      at log (middleware/auth.js:33:13)

  console.log
    Token decodificado: { id: '6860ce052b10ca7041fe66e7', iat: 1751174661, exp: 1753766661 }

      at log (middleware/auth.js:33:13)

  console.error
    Error en middleware de autenticaci├│n: JsonWebTokenError {
      name: 'JsonWebTokenError',
      message: 'invalid token'
    }

    [0m [90m 46 |[39m     next()[33m;[39m
     [90m 47 |[39m   } [36mcatch[39m (err) {
    [31m[1m>[22m[39m[90m 48 |[39m     console[33m.[39merror([32m'Error en middleware de autenticaci├│n:'[39m[33m,[39m err)[33m;[39m
     [90m    |[39m             [31m[1m^[22m[39m
     [90m 49 |[39m     
     [90m 50 |[39m     [90m// Error espec├¡fico para token expirado[39m
     [90m 51 |[39m     [36mif[39m (err[33m.[39mname [33m===[39m [32m'TokenExpiredError'[39m) {[0m

      at error (middleware/auth.js:48:13)
      at Object.protect (tests/unit/middleware/auth.test.js:240:13)

  console.log
    Token decodificado: { id: '6860ce052b10ca7041fe6707', iat: 1751174661, exp: 1753766661 }

      at log (middleware/auth.js:33:13)

  console.error
    Error en middleware de autenticaci├│n: Error: Database error
        at Object.<anonymous> (C:\Users\shark\OneDrive\Escritorio\autopartsduoc\server\tests\unit\middleware\auth.test.js:256:51)
        at Promise.then.completed (C:\Users\shark\OneDrive\Escritorio\autopartsduoc\server\node_modules\jest-circus\build\utils.js:298:28)
        at new Promise (<anonymous>)
        at callAsyncCircusFn (C:\Users\shark\OneDrive\Escritorio\autopartsduoc\server\node_modules\jest-circus\build\utils.js:231:10)
        at _callCircusTest (C:\Users\shark\OneDrive\Escritorio\autopartsduoc\server\node_modules\jest-circus\build\run.js:316:40)
        at processTicksAndRejections (node:internal/process/task_queues:105:5)
        at _runTest (C:\Users\shark\OneDrive\Escritorio\autopartsduoc\server\node_modules\jest-circus\build\run.js:252:3)
        at _runTestsForDescribeBlock (C:\Users\shark\OneDrive\Escritorio\autopartsduoc\server\node_modules\jest-circus\build\run.js:126:9)
        at _runTestsForDescribeBlock (C:\Users\shark\OneDrive\Escritorio\autopartsduoc\server\node_modules\jest-circus\build\run.js:121:9)
        at _runTestsForDescribeBlock (C:\Users\shark\OneDrive\Escritorio\autopartsduoc\server\node_modules\jest-circus\build\run.js:121:9)
        at run (C:\Users\shark\OneDrive\Escritorio\autopartsduoc\server\node_modules\jest-circus\build\run.js:71:3)
        at runAndTransformResultsToJestFormat (C:\Users\shark\OneDrive\Escritorio\autopartsduoc\server\node_modules\jest-circus\build\legacy-code-todo-rewrite\jestAdapterInit.js:122:21)
        at jestAdapter (C:\Users\shark\OneDrive\Escritorio\autopartsduoc\server\node_modules\jest-circus\build\legacy-code-todo-rewrite\jestAdapter.js:79:19)
        at runTestInternal (C:\Users\shark\OneDrive\Escritorio\autopartsduoc\server\node_modules\jest-runner\build\runTest.js:367:16)
        at runTest (C:\Users\shark\OneDrive\Escritorio\autopartsduoc\server\node_modules\jest-runner\build\runTest.js:444:34)

    [0m [90m 46 |[39m     next()[33m;[39m
     [90m 47 |[39m   } [36mcatch[39m (err) {
    [31m[1m>[22m[39m[90m 48 |[39m     console[33m.[39merror([32m'Error en middleware de autenticaci├│n:'[39m[33m,[39m err)[33m;[39m
     [90m    |[39m             [31m[1m^[22m[39m
     [90m 49 |[39m     
     [90m 50 |[39m     [90m// Error espec├¡fico para token expirado[39m
     [90m 51 |[39m     [36mif[39m (err[33m.[39mname [33m===[39m [32m'TokenExpiredError'[39m) {[0m

      at error (middleware/auth.js:48:13)
      at Object.<anonymous> (tests/unit/middleware/auth.test.js:258:7)

  console.error
    Error en middleware de autenticaci├│n: JsonWebTokenError {
      name: 'JsonWebTokenError',
      message: 'invalid signature'
    }

    [0m [90m 46 |[39m     next()[33m;[39m
     [90m 47 |[39m   } [36mcatch[39m (err) {
    [31m[1m>[22m[39m[90m 48 |[39m     console[33m.[39merror([32m'Error en middleware de autenticaci├│n:'[39m[33m,[39m err)[33m;[39m
     [90m    |[39m             [31m[1m^[22m[39m
     [90m 49 |[39m     
     [90m 50 |[39m     [90m// Error espec├¡fico para token expirado[39m
     [90m 51 |[39m     [36mif[39m (err[33m.[39mname [33m===[39m [32m'TokenExpiredError'[39m) {[0m

      at error (middleware/auth.js:48:13)
      at Object.protect (tests/unit/middleware/auth.test.js:311:13)

  console.error
    Error en middleware de autenticaci├│n: JsonWebTokenError {
      name: 'JsonWebTokenError',
      message: 'jwt signature is required'
    }

    [0m [90m 46 |[39m     next()[33m;[39m
     [90m 47 |[39m   } [36mcatch[39m (err) {
    [31m[1m>[22m[39m[90m 48 |[39m     console[33m.[39merror([32m'Error en middleware de autenticaci├│n:'[39m[33m,[39m err)[33m;[39m
     [90m    |[39m             [31m[1m^[22m[39m
     [90m 49 |[39m     
     [90m 50 |[39m     [90m// Error espec├¡fico para token expirado[39m
     [90m 51 |[39m     [36mif[39m (err[33m.[39mname [33m===[39m [32m'TokenExpiredError'[39m) {[0m

      at error (middleware/auth.js:48:13)
      at Object.protect (tests/unit/middleware/auth.test.js:322:13)

  console.log
    Ô£à Limpieza de pruebas completada

      at Object.log (tests/setup.js:44:13)

FAIL tests/unit/middleware/auth.test.js
  Middleware de Autenticaci├│n
    Middleware protect
      ÔêÜ debe autenticar con token v├ílido en header (96 ms)
      ÔêÜ debe autenticar con token v├ílido en cookies (71 ms)
      ÔêÜ debe rechazar petici├│n sin token (68 ms)
      ÔêÜ debe rechazar token inv├ílido (74 ms)
      ÔêÜ debe rechazar token expirado (69 ms)
      ÔêÜ debe rechazar token de usuario inexistente (71 ms)
      ÔêÜ debe extraer token sin Bearer prefix (79 ms)
      ÔêÜ debe priorizar token de header sobre cookies (76 ms)
    Middleware authorize
      ÔêÜ debe autorizar usuario con rol correcto (72 ms)
      ÔêÜ debe autorizar m├║ltiples roles (70 ms)
      ÔêÜ debe rechazar usuario sin rol autorizado (71 ms)
      ÔêÜ debe rechazar si no hay usuario autenticado (67 ms)
      ├ù debe autorizar admin para cualquier recurso (139 ms)
      ÔêÜ debe autorizar distributor para recursos B2B (138 ms)
    Casos edge del middleware protect
      ÔêÜ debe manejar header Authorization malformado (66 ms)
      ÔêÜ debe manejar token JWT malformado (67 ms)
      ÔêÜ debe manejar error de base de datos al buscar usuario (71 ms)
    Logging de debug
      ÔêÜ debe loggear token decodificado en modo desarrollo (69 ms)
    Autorizaci├│n con roles complejos
      ├ù debe manejar autorizaci├│n con array de roles (66 ms)
      ├ù debe rechazar rol no incluido en lista (71 ms)
    Seguridad del token
      ÔêÜ debe manejar token con payload modificado (67 ms)
      ÔêÜ debe rechazar token con algoritmo none (68 ms)

  ÔùÅ Middleware de Autenticaci├│n ÔÇ║ Middleware authorize ÔÇ║ debe autorizar admin para 
cualquier recurso

    expect(jest.fn()).toHaveBeenCalledWith(...expected)

    Expected: called with 0 arguments

    Number of calls: 0

    [0m [90m 199 |[39m       authorizeMiddleware(req[33m,[39m res[33m,[39m next)[33m;[39m
     [90m 200 |[39m
    [31m[1m>[22m[39m[90m 201 |[39m       
expect(next)[33m.[39mtoHaveBeenCalledWith()[33m;[39m
     [90m     |[39m                    [31m[1m^[22m[39m
     [90m 202 |[39m     })[33m;[39m
     [90m 203 |[39m
     [90m 204 |[39m     test([32m'debe autorizar distributor para recursos 
B2B'[39m[33m,[39m [36masync[39m () [33m=>[39m {[0m

      at Object.toHaveBeenCalledWith (tests/unit/middleware/auth.test.js:201:20)

  ÔùÅ Middleware de Autenticaci├│n ÔÇ║ Autorizaci├│n con roles complejos ÔÇ║ debe manejar 
autorizaci├│n con array de roles

    expect(jest.fn()).toHaveBeenCalledWith(...expected)

    Expected: called with 0 arguments

    Number of calls: 0

    [0m [90m 289 |[39m       authorizeMiddleware(req[33m,[39m res[33m,[39m next)[33m;[39m
     [90m 290 |[39m
    [31m[1m>[22m[39m[90m 291 |[39m       
expect(next)[33m.[39mtoHaveBeenCalledWith()[33m;[39m
     [90m     |[39m                    [31m[1m^[22m[39m
     [90m 292 |[39m     })[33m;[39m
     [90m 293 |[39m
     [90m 294 |[39m     test([32m'debe rechazar rol no incluido en lista'[39m[33m,[39m () 
[33m=>[39m {[0m

      at Object.toHaveBeenCalledWith (tests/unit/middleware/auth.test.js:291:20)

  ÔùÅ Middleware de Autenticaci├│n ÔÇ║ Autorizaci├│n con roles complejos ÔÇ║ debe rechazar rol no 
incluido en lista

    expect(jest.fn()).toHaveBeenCalledWith(...expected)

    Expected: 403
    Received: 401

    Number of calls: 1

    [0m [90m 298 |[39m       authorizeMiddleware(req[33m,[39m res[33m,[39m next)[33m;[39m
     [90m 299 |[39m
    [31m[1m>[22m[39m[90m 300 |[39m       
expect(res[33m.[39mstatus)[33m.[39mtoHaveBeenCalledWith([35m403[39m)[33m;[39m
     [90m     |[39m                          [31m[1m^[22m[39m
     [90m 301 |[39m       expect(next)[33m.[39mnot[33m.[39mtoHaveBeenCalled()[33m;[39m
     [90m 302 |[39m     })[33m;[39m
     [90m 303 |[39m   })[33m;[39m[0m

      at Object.toHaveBeenCalledWith (tests/unit/middleware/auth.test.js:300:26)

  console.log
    Ô£à Conexi├│n a MongoDB de pruebas establecida

      at Object.log (tests/setup.js:16:13)

  console.log
    Ô£à Limpieza de pruebas completada

      at Object.log (tests/setup.js:44:13)

FAIL tests/unit/models/order.test.js
  Modelo Order
    Creaci├│n de ├│rdenes
      ├ù debe crear una orden correctamente (127 ms)
      ├ù debe requerir usuario (80 ms)
      ├ù debe requerir al menos un item (78 ms)
      ├ù debe validar cantidad m├¡nima de items (78 ms)
    M├®todos de env├¡o
      ├ù debe aceptar m├®todo delivery con direcci├│n (79 ms)
      ├ù debe aceptar m├®todo pickup con ubicaci├│n (78 ms)
    Tipos de orden
      ├ù debe establecer B2C por defecto (78 ms)
      ├ù debe permitir orden B2B (77 ms)
    Informaci├│n fiscal
      ├ù debe establecer fiscalInfo autom├íticamente (76 ms)
      ├ù debe validar tasa de IVA en rango v├ílido (80 ms)
      ├ù debe validar tasa de IVA no negativa (78 ms)
    Estados de la orden
      ├ù debe cambiar estado a processing (79 ms)
      ├ù debe cambiar estado a shipped (79 ms)
      ├ù debe cambiar estado a delivered (81 ms)
      ├ù debe manejar estado cancelled (77 ms)
    Informaci├│n de pago
      ├ù debe almacenar resultado de pago de Webpay (78 ms)
    Actualizaci├│n de fechas
      ├ù debe actualizar updatedAt autom├íticamente (78 ms)
    Virtual taxInfo
      ├ù debe calcular informaci├│n de impuestos virtual (79 ms)
    M├®todo est├ítico getTaxStatistics
      ├ù debe calcular estad├¡sticas de IVA por per├¡odo (79 ms)
    M├®todo recalculateTax
      ├ù debe recalcular impuestos correctamente (77 ms)

  ÔùÅ Modelo Order ÔÇ║ Creaci├│n de ├│rdenes ÔÇ║ debe crear una orden correctamente

    ValidationError: Product validation failed: slug: Path `slug` is required.

      at model.Object.<anonymous>.Document.invalidate 
(node_modules/mongoose/lib/document.js:3197:32)
      at node_modules/mongoose/lib/document.js:2985:17
      at node_modules/mongoose/lib/schematype.js:1350:9

  ÔùÅ Modelo Order ÔÇ║ Creaci├│n de ├│rdenes ÔÇ║ debe requerir usuario

    ValidationError: Product validation failed: slug: Path `slug` is required.

      at model.Object.<anonymous>.Document.invalidate 
(node_modules/mongoose/lib/document.js:3197:32)
      at node_modules/mongoose/lib/document.js:2985:17
      at node_modules/mongoose/lib/schematype.js:1350:9

  ÔùÅ Modelo Order ÔÇ║ Creaci├│n de ├│rdenes ÔÇ║ debe requerir al menos un item

    ValidationError: Product validation failed: slug: Path `slug` is required.

      at model.Object.<anonymous>.Document.invalidate 
(node_modules/mongoose/lib/document.js:3197:32)
      at node_modules/mongoose/lib/document.js:2985:17
      at node_modules/mongoose/lib/schematype.js:1350:9

  ÔùÅ Modelo Order ÔÇ║ Creaci├│n de ├│rdenes ÔÇ║ debe validar cantidad m├¡nima de items

    ValidationError: Product validation failed: slug: Path `slug` is required.

      at model.Object.<anonymous>.Document.invalidate 
(node_modules/mongoose/lib/document.js:3197:32)
      at node_modules/mongoose/lib/document.js:2985:17
      at node_modules/mongoose/lib/schematype.js:1350:9

  ÔùÅ Modelo Order ÔÇ║ M├®todos de env├¡o ÔÇ║ debe aceptar m├®todo delivery con direcci├│n

    ValidationError: Product validation failed: slug: Path `slug` is required.

      at model.Object.<anonymous>.Document.invalidate 
(node_modules/mongoose/lib/document.js:3197:32)
      at node_modules/mongoose/lib/document.js:2985:17
      at node_modules/mongoose/lib/schematype.js:1350:9

  ÔùÅ Modelo Order ÔÇ║ M├®todos de env├¡o ÔÇ║ debe aceptar m├®todo pickup con ubicaci├│n

    ValidationError: Product validation failed: slug: Path `slug` is required.

      at model.Object.<anonymous>.Document.invalidate 
(node_modules/mongoose/lib/document.js:3197:32)
      at node_modules/mongoose/lib/document.js:2985:17
      at node_modules/mongoose/lib/schematype.js:1350:9

  ÔùÅ Modelo Order ÔÇ║ Tipos de orden ÔÇ║ debe establecer B2C por defecto

    ValidationError: Product validation failed: slug: Path `slug` is required.

      at model.Object.<anonymous>.Document.invalidate 
(node_modules/mongoose/lib/document.js:3197:32)
      at node_modules/mongoose/lib/document.js:2985:17
      at node_modules/mongoose/lib/schematype.js:1350:9

  ÔùÅ Modelo Order ÔÇ║ Tipos de orden ÔÇ║ debe permitir orden B2B

    ValidationError: Product validation failed: slug: Path `slug` is required.

      at model.Object.<anonymous>.Document.invalidate 
(node_modules/mongoose/lib/document.js:3197:32)
      at node_modules/mongoose/lib/document.js:2985:17
      at node_modules/mongoose/lib/schematype.js:1350:9

  ÔùÅ Modelo Order ÔÇ║ Informaci├│n fiscal ÔÇ║ debe establecer fiscalInfo autom├íticamente

    ValidationError: Product validation failed: slug: Path `slug` is required.

      at model.Object.<anonymous>.Document.invalidate 
(node_modules/mongoose/lib/document.js:3197:32)
      at node_modules/mongoose/lib/document.js:2985:17
      at node_modules/mongoose/lib/schematype.js:1350:9

  ÔùÅ Modelo Order ÔÇ║ Informaci├│n fiscal ÔÇ║ debe validar tasa de IVA en rango v├ílido

    ValidationError: Product validation failed: slug: Path `slug` is required.

      at model.Object.<anonymous>.Document.invalidate 
(node_modules/mongoose/lib/document.js:3197:32)
      at node_modules/mongoose/lib/document.js:2985:17
      at node_modules/mongoose/lib/schematype.js:1350:9

  ÔùÅ Modelo Order ÔÇ║ Informaci├│n fiscal ÔÇ║ debe validar tasa de IVA no negativa

    ValidationError: Product validation failed: slug: Path `slug` is required.

      at model.Object.<anonymous>.Document.invalidate 
(node_modules/mongoose/lib/document.js:3197:32)
      at node_modules/mongoose/lib/document.js:2985:17
      at node_modules/mongoose/lib/schematype.js:1350:9

  ÔùÅ Modelo Order ÔÇ║ Estados de la orden ÔÇ║ debe cambiar estado a processing

    ValidationError: Product validation failed: slug: Path `slug` is required.

      at model.Object.<anonymous>.Document.invalidate 
(node_modules/mongoose/lib/document.js:3197:32)
      at node_modules/mongoose/lib/document.js:2985:17
      at node_modules/mongoose/lib/schematype.js:1350:9

  ÔùÅ Modelo Order ÔÇ║ Estados de la orden ÔÇ║ debe cambiar estado a shipped

    ValidationError: Product validation failed: slug: Path `slug` is required.

      at model.Object.<anonymous>.Document.invalidate 
(node_modules/mongoose/lib/document.js:3197:32)
      at node_modules/mongoose/lib/document.js:2985:17
      at node_modules/mongoose/lib/schematype.js:1350:9

  ÔùÅ Modelo Order ÔÇ║ Estados de la orden ÔÇ║ debe cambiar estado a delivered

    ValidationError: Product validation failed: slug: Path `slug` is required.

      at model.Object.<anonymous>.Document.invalidate 
(node_modules/mongoose/lib/document.js:3197:32)
      at node_modules/mongoose/lib/document.js:2985:17
      at node_modules/mongoose/lib/schematype.js:1350:9

  ÔùÅ Modelo Order ÔÇ║ Estados de la orden ÔÇ║ debe manejar estado cancelled

    ValidationError: Product validation failed: slug: Path `slug` is required.

      at model.Object.<anonymous>.Document.invalidate 
(node_modules/mongoose/lib/document.js:3197:32)
      at node_modules/mongoose/lib/document.js:2985:17
      at node_modules/mongoose/lib/schematype.js:1350:9

  ÔùÅ Modelo Order ÔÇ║ Informaci├│n de pago ÔÇ║ debe almacenar resultado de pago de Webpay

    ValidationError: Product validation failed: slug: Path `slug` is required.

      at model.Object.<anonymous>.Document.invalidate 
(node_modules/mongoose/lib/document.js:3197:32)
      at node_modules/mongoose/lib/document.js:2985:17
      at node_modules/mongoose/lib/schematype.js:1350:9

  ÔùÅ Modelo Order ÔÇ║ Actualizaci├│n de fechas ÔÇ║ debe actualizar updatedAt autom├íticamente

    ValidationError: Product validation failed: slug: Path `slug` is required.

      at model.Object.<anonymous>.Document.invalidate 
(node_modules/mongoose/lib/document.js:3197:32)
      at node_modules/mongoose/lib/document.js:2985:17
      at node_modules/mongoose/lib/schematype.js:1350:9

  ÔùÅ Modelo Order ÔÇ║ Virtual taxInfo ÔÇ║ debe calcular informaci├│n de impuestos virtual

    ValidationError: Product validation failed: slug: Path `slug` is required.

      at model.Object.<anonymous>.Document.invalidate 
(node_modules/mongoose/lib/document.js:3197:32)
      at node_modules/mongoose/lib/document.js:2985:17
      at node_modules/mongoose/lib/schematype.js:1350:9

  ÔùÅ Modelo Order ÔÇ║ M├®todo est├ítico getTaxStatistics ÔÇ║ debe calcular estad├¡sticas de IVA 
por per├¡odo

    ValidationError: Product validation failed: slug: Path `slug` is required.

      at model.Object.<anonymous>.Document.invalidate 
(node_modules/mongoose/lib/document.js:3197:32)
      at node_modules/mongoose/lib/document.js:2985:17
      at node_modules/mongoose/lib/schematype.js:1350:9

  ÔùÅ Modelo Order ÔÇ║ M├®todo recalculateTax ÔÇ║ debe recalcular impuestos correctamente

    ValidationError: Product validation failed: slug: Path `slug` is required.

      at model.Object.<anonymous>.Document.invalidate 
(node_modules/mongoose/lib/document.js:3197:32)
      at node_modules/mongoose/lib/document.js:2985:17
      at node_modules/mongoose/lib/schematype.js:1350:9

  console.log
    Ô£à Conexi├│n a MongoDB de pruebas establecida

      at Object.log (tests/setup.js:16:13)

  console.log
    Ô£à Configuraci├│n por defecto creada: tax_rate

      at Function.log [as initializeDefaultConfigs] (services/systemConfig.service.js:215:19)

  console.log
    Ô£à Configuraci├│n por defecto creada: free_shipping_threshold

      at Function.log [as initializeDefaultConfigs] (services/systemConfig.service.js:215:19)

  console.log
    Ô£à Configuraci├│n por defecto creada: default_shipping_cost

      at Function.log [as initializeDefaultConfigs] (services/systemConfig.service.js:215:19)

  console.log
    Ô£à Configuraci├│n por defecto creada: site_name

      at Function.log [as initializeDefaultConfigs] (services/systemConfig.service.js:215:19)

  console.log
    Ô£à Configuraci├│n por defecto creada: contact_email

      at Function.log [as initializeDefaultConfigs] (services/systemConfig.service.js:215:19)

  console.log
    Ô£à Configuraci├│n por defecto creada: max_file_size

      at Function.log [as initializeDefaultConfigs] (services/systemConfig.service.js:215:19)

  console.log
    Ô£à Configuraci├│n por defecto creada: free_shipping_threshold

      at Function.log [as initializeDefaultConfigs] (services/systemConfig.service.js:215:19)

  console.log
    Ô£à Configuraci├│n por defecto creada: default_shipping_cost

      at Function.log [as initializeDefaultConfigs] (services/systemConfig.service.js:215:19)

  console.log
    Ô£à Configuraci├│n por defecto creada: site_name

      at Function.log [as initializeDefaultConfigs] (services/systemConfig.service.js:215:19)

  console.log
    Ô£à Configuraci├│n por defecto creada: contact_email

      at Function.log [as initializeDefaultConfigs] (services/systemConfig.service.js:215:19)

  console.log
    Ô£à Configuraci├│n por defecto creada: max_file_size

      at Function.log [as initializeDefaultConfigs] (services/systemConfig.service.js:215:19)

  console.error
    Error al obtener configuraci├│n tax_rate: Error: Database error
        at Object.<anonymous> (C:\Users\shark\OneDrive\Escritorio\autopartsduoc\server\tests\unit\services\systemConfig.test.js:254:58)
        at Promise.then.completed (C:\Users\shark\OneDrive\Escritorio\autopartsduoc\server\node_modules\jest-circus\build\utils.js:298:28)
        at new Promise (<anonymous>)
        at callAsyncCircusFn (C:\Users\shark\OneDrive\Escritorio\autopartsduoc\server\node_modules\jest-circus\build\utils.js:231:10)
        at _callCircusTest (C:\Users\shark\OneDrive\Escritorio\autopartsduoc\server\node_modules\jest-circus\build\run.js:316:40)
        at processTicksAndRejections (node:internal/process/task_queues:105:5)
        at _runTest (C:\Users\shark\OneDrive\Escritorio\autopartsduoc\server\node_modules\jest-circus\build\run.js:252:3)
        at _runTestsForDescribeBlock (C:\Users\shark\OneDrive\Escritorio\autopartsduoc\server\node_modules\jest-circus\build\run.js:126:9)
        at _runTestsForDescribeBlock (C:\Users\shark\OneDrive\Escritorio\autopartsduoc\server\node_modules\jest-circus\build\run.js:121:9)
        at _runTestsForDescribeBlock (C:\Users\shark\OneDrive\Escritorio\autopartsduoc\server\node_modules\jest-circus\build\run.js:121:9)
        at run (C:\Users\shark\OneDrive\Escritorio\autopartsduoc\server\node_modules\jest-circus\build\run.js:71:3)
        at runAndTransformResultsToJestFormat (C:\Users\shark\OneDrive\Escritorio\autopartsduoc\server\node_modules\jest-circus\build\legacy-code-todo-rewrite\jestAdapterInit.js:122:21)
        at jestAdapter (C:\Users\shark\OneDrive\Escritorio\autopartsduoc\server\node_modules\jest-circus\build\legacy-code-todo-rewrite\jestAdapter.js:79:19)
        at runTestInternal (C:\Users\shark\OneDrive\Escritorio\autopartsduoc\server\node_modules\jest-runner\build\runTest.js:367:16)
        at runTest (C:\Users\shark\OneDrive\Escritorio\autopartsduoc\server\node_modules\jest-runner\build\runTest.js:444:34)

    [0m [90m 34 |[39m       [36mreturn[39m value[33m;[39m
     [90m 35 |[39m     } [36mcatch[39m (error) {
    [31m[1m>[22m[39m[90m 36 |[39m       console[33m.[39merror([32m`Error al obtener configuraci├│n ${key}:`[39m[33m,[39m error)[33m;[39m
     [90m    |[39m               [31m[1m^[22m[39m
     [90m 37 |[39m       [36mreturn[39m defaultValue[33m;[39m
     [90m 38 |[39m     }
     [90m 39 |[39m   }[0m

      at Function.error [as getConfig] (services/systemConfig.service.js:36:15)
      at Object.<anonymous> (tests/unit/services/systemConfig.test.js:256:22)

  console.log
    Ô£à Limpieza de pruebas completada

      at Object.log (tests/setup.js:44:13)

FAIL tests/unit/services/systemConfig.test.js
  Servicio SystemConfig
    Obtener configuraciones
      ÔêÜ debe obtener configuraci├│n existente (33 ms)
      ÔêÜ debe retornar valor por defecto si no existe (19 ms)
      ÔêÜ debe retornar null por defecto si no se especifica (17 ms)
      ÔêÜ debe usar cache en segunda consulta (17 ms)
    Establecer configuraciones
      ÔêÜ debe actualizar configuraci├│n existente (20 ms)
      ├ù debe manejar error cuando configuraci├│n no existe (18 ms)
    Configuraciones de IVA
      ÔêÜ debe obtener tasa de IVA (19 ms)
      ÔêÜ debe calcular IVA correctamente (18 ms)
      ÔêÜ debe calcular precio con IVA incluido (17 ms)
      ÔêÜ debe redondear c├ílculo de IVA (17 ms)
    Configuraciones de env├¡o
      ÔêÜ debe obtener configuraciones de env├¡o (20 ms)
      ÔêÜ debe calcular env├¡o gratuito para orden mayor al umbral (21 ms)
      ÔêÜ debe calcular costo de env├¡o para orden menor al umbral (20 ms)
      ÔêÜ debe retornar 0 para retiro en tienda (15 ms)
      ÔêÜ debe manejar m├®todo de env├¡o por defecto (19 ms)
    Configuraciones m├║ltiples
      ÔêÜ debe obtener m├║ltiples configuraciones a la vez (24 ms)
      ÔêÜ debe manejar configuraciones inexistentes en m├║ltiples (19 ms)
    Gesti├│n de cache
      ├ù debe invalidar cache despu├®s del tiempo l├¡mite (19 ms)
      ├ù debe limpiar cache correctamente (18 ms)
      ÔêÜ debe obtener estad├¡sticas de cache (21 ms)
    Inicializaci├│n de configuraciones por defecto
      ÔêÜ debe crear configuraciones por defecto (72 ms)
      ÔêÜ no debe duplicar configuraciones existentes (67 ms)
    Manejo de errores
      ÔêÜ debe manejar error en base de datos gracefully (18 ms)
      ÔêÜ debe manejar configuraci├│n nula (14 ms)

  ÔùÅ Servicio SystemConfig ÔÇ║ Establecer configuraciones ÔÇ║ debe manejar error cuando 
configuraci├│n no existe

    expect(received).rejects.toThrow()

    Received promise resolved instead of rejected
    Resolved to value: null

    [0m [90m 73 |[39m
     [90m 74 |[39m     test([32m'debe manejar error cuando configuraci├│n no 
existe'[39m[33m,[39m [36masync[39m () [33m=>[39m {
    [31m[1m>[22m[39m[90m 75 |[39m       [36mawait[39m expect(
     [90m    |[39m             [31m[1m^[22m[39m
     [90m 76 |[39m         
[33mSystemConfigService[39m[33m.[39msetConfig([32m'config_inexistente'[39m[33m,[39m 
[32m'valor'[39m)
     [90m 77 |[39m       )[33m.[39mrejects[33m.[39mtoThrow()[33m;[39m
     [90m 78 |[39m     })[33m;[39m[0m

      at expect (node_modules/expect/build/index.js:113:15)
      at Object.expect (tests/unit/services/systemConfig.test.js:75:13)

  ÔùÅ Servicio SystemConfig ÔÇ║ Gesti├│n de cache ÔÇ║ debe invalidar cache despu├®s del tiempo 
l├¡mite

    expect(received).toBe(expected) // Object.is equality

    Expected: false
    Received: true

    [0m [90m 178 |[39m       [33mSystemConfigService[39m[33m.[39mcacheTimestamp 
[33m=[39m [33mDate[39m[33m.[39mnow() [33m-[39m ([35m6[39m [33m*[39m [35m60[39m 
[33m*[39m [35m1000[39m)[33m;[39m [90m// 6 minutos atr├ís[39m
     [90m 179 |[39m       
    [31m[1m>[22m[39m[90m 180 |[39m       expect([33mSystemConfigService[39m[33m.[39misCa
cheValid())[33m.[39mtoBe([36mfalse[39m)[33m;[39m
     [90m     |[39m                                                  [31m[1m^[22m[39m
     [90m 181 |[39m     })[33m;[39m
     [90m 182 |[39m
     [90m 183 |[39m     test([32m'debe limpiar cache correctamente'[39m[33m,[39m 
[36masync[39m () [33m=>[39m {[0m

      at Object.toBe (tests/unit/services/systemConfig.test.js:180:50)

  ÔùÅ Servicio SystemConfig ÔÇ║ Gesti├│n de cache ÔÇ║ debe limpiar cache correctamente

    expect(received).toBe(expected) // Object.is equality

    Expected: false
    Received: null

    [0m [90m 194 |[39m       [36mconst[39m newStats [33m=[39m 
[33mSystemConfigService[39m[33m.[39mgetCacheStats()[33m;[39m
     [90m 195 |[39m       expect(newStats[33m.[39msize)[33m.[39mtoBe([35m0[39m)[33m;[39m
    [31m[1m>[22m[39m[90m 196 |[39m       
expect(newStats[33m.[39misValid)[33m.[39mtoBe([36mfalse[39m)[33m;[39m
     [90m     |[39m                                [31m[1m^[22m[39m
     [90m 197 |[39m     })[33m;[39m
     [90m 198 |[39m
     [90m 199 |[39m     test([32m'debe obtener estad├¡sticas de cache'[39m[33m,[39m 
[36masync[39m () [33m=>[39m {[0m

      at Object.toBe (tests/unit/services/systemConfig.test.js:196:32)

  console.log
    Ô£à Conexi├│n a MongoDB de pruebas establecida

      at Object.log (tests/setup.js:16:13)

  console.log
    Ô£à Limpieza de pruebas completada

      at Object.log (tests/setup.js:44:13)

FAIL tests/unit/models/product.test.js
  Modelo Product
    Creaci├│n de productos
      ├ù debe crear un producto correctamente (41 ms)
      ├ù debe generar slug autom├íticamente (13 ms)
      ÔêÜ debe requerir campos obligatorios (15 ms)
      ÔêÜ debe validar precio no negativo (12 ms)
      ÔêÜ debe validar stock no negativo (14 ms)
      ├ù debe requerir SKU ├║nico (12 ms)
    Funcionalidad de ofertas
      ├ù debe calcular precio de oferta correctamente (13 ms)
      ├ù debe desactivar oferta si no hay descuento (11 ms)
      ÔêÜ debe validar porcentaje de descuento v├ílido (13 ms)
    Precio mayorista
      ├ù debe permitir precio mayorista menor al precio regular (12 ms)
      ÔêÜ debe validar precio mayorista no negativo (13 ms)
    Modelos compatibles
      ├ù debe agregar modelos compatibles correctamente (13 ms)
    Sistema de valoraciones
      ├ù debe calcular promedio de valoraciones correctamente (13 ms)
      ├ù debe manejar sin valoraciones (13 ms)
      ├ù debe calcular promedio con una sola valoraci├│n (13 ms)
    Generaci├│n de slug ├║nico
      ├ù debe generar slugs ├║nicos para nombres similares (12 ms)
      ├ù debe manejar caracteres especiales en el nombre (12 ms)
    Actualizaci├│n de fecha
      ├ù debe actualizar updatedAt al guardar (11 ms)
    Validaciones adicionales
      ├ù debe aceptar im├ígenes como array (13 ms)
      ├ù debe manejar producto destacado (12 ms)
      ├ù debe establecer valores por defecto correctos (13 ms)
    M├®todo est├ítico generateUniqueSlug
      ÔêÜ debe generar slug ├║nico cuando no existe (12 ms)
      ├ù debe agregar n├║mero cuando slug ya existe (13 ms)

  ÔùÅ Modelo Product ÔÇ║ Creaci├│n de productos ÔÇ║ debe crear un producto correctamente

    ValidationError: Product validation failed: slug: Path `slug` is required.

      at model.Object.<anonymous>.Document.invalidate 
(node_modules/mongoose/lib/document.js:3197:32)
      at node_modules/mongoose/lib/document.js:2985:17
      at node_modules/mongoose/lib/schematype.js:1350:9

  ÔùÅ Modelo Product ÔÇ║ Creaci├│n de productos ÔÇ║ debe generar slug autom├íticamente

    ValidationError: Product validation failed: slug: Path `slug` is required.

      at model.Object.<anonymous>.Document.invalidate 
(node_modules/mongoose/lib/document.js:3197:32)
      at node_modules/mongoose/lib/document.js:2985:17
      at node_modules/mongoose/lib/schematype.js:1350:9

  ÔùÅ Modelo Product ÔÇ║ Creaci├│n de productos ÔÇ║ debe requerir SKU ├║nico

    ValidationError: Product validation failed: slug: Path `slug` is required.

      at model.Object.<anonymous>.Document.invalidate 
(node_modules/mongoose/lib/document.js:3197:32)
      at node_modules/mongoose/lib/document.js:2985:17
      at node_modules/mongoose/lib/schematype.js:1350:9

  ÔùÅ Modelo Product ÔÇ║ Funcionalidad de ofertas ÔÇ║ debe calcular precio de oferta correctamente

    ValidationError: Product validation failed: slug: Path `slug` is required.

      at model.Object.<anonymous>.Document.invalidate 
(node_modules/mongoose/lib/document.js:3197:32)
      at node_modules/mongoose/lib/document.js:2985:17
      at node_modules/mongoose/lib/schematype.js:1350:9

  ÔùÅ Modelo Product ÔÇ║ Funcionalidad de ofertas ÔÇ║ debe desactivar oferta si no hay descuento

    ValidationError: Product validation failed: slug: Path `slug` is required.

      at model.Object.<anonymous>.Document.invalidate 
(node_modules/mongoose/lib/document.js:3197:32)
      at node_modules/mongoose/lib/document.js:2985:17
      at node_modules/mongoose/lib/schematype.js:1350:9

  ÔùÅ Modelo Product ÔÇ║ Precio mayorista ÔÇ║ debe permitir precio mayorista menor al precio 
regular

    ValidationError: Product validation failed: slug: Path `slug` is required.

      at model.Object.<anonymous>.Document.invalidate 
(node_modules/mongoose/lib/document.js:3197:32)
      at node_modules/mongoose/lib/document.js:2985:17
      at node_modules/mongoose/lib/schematype.js:1350:9

  ÔùÅ Modelo Product ÔÇ║ Modelos compatibles ÔÇ║ debe agregar modelos compatibles correctamente

    ValidationError: Product validation failed: slug: Path `slug` is required.

      at model.Object.<anonymous>.Document.invalidate 
(node_modules/mongoose/lib/document.js:3197:32)
      at node_modules/mongoose/lib/document.js:2985:17
      at node_modules/mongoose/lib/schematype.js:1350:9

  ÔùÅ Modelo Product ÔÇ║ Sistema de valoraciones ÔÇ║ debe calcular promedio de valoraciones 
correctamente

    ValidationError: Product validation failed: slug: Path `slug` is required.

      at model.Object.<anonymous>.Document.invalidate 
(node_modules/mongoose/lib/document.js:3197:32)
      at node_modules/mongoose/lib/document.js:2985:17
      at node_modules/mongoose/lib/schematype.js:1350:9

  ÔùÅ Modelo Product ÔÇ║ Sistema de valoraciones ÔÇ║ debe manejar sin valoraciones

    ValidationError: Product validation failed: slug: Path `slug` is required.

      at model.Object.<anonymous>.Document.invalidate 
(node_modules/mongoose/lib/document.js:3197:32)
      at node_modules/mongoose/lib/document.js:2985:17
      at node_modules/mongoose/lib/schematype.js:1350:9

  ÔùÅ Modelo Product ÔÇ║ Sistema de valoraciones ÔÇ║ debe calcular promedio con una sola 
valoraci├│n

    ValidationError: Product validation failed: slug: Path `slug` is required.

      at model.Object.<anonymous>.Document.invalidate 
(node_modules/mongoose/lib/document.js:3197:32)
      at node_modules/mongoose/lib/document.js:2985:17
      at node_modules/mongoose/lib/schematype.js:1350:9

  ÔùÅ Modelo Product ÔÇ║ Generaci├│n de slug ├║nico ÔÇ║ debe generar slugs ├║nicos para nombres 
similares

    ValidationError: Product validation failed: slug: Path `slug` is required.

      at model.Object.<anonymous>.Document.invalidate 
(node_modules/mongoose/lib/document.js:3197:32)
      at node_modules/mongoose/lib/document.js:2985:17
      at node_modules/mongoose/lib/schematype.js:1350:9

  ÔùÅ Modelo Product ÔÇ║ Generaci├│n de slug ├║nico ÔÇ║ debe manejar caracteres especiales en el 
nombre

    ValidationError: Product validation failed: slug: Path `slug` is required.

      at model.Object.<anonymous>.Document.invalidate 
(node_modules/mongoose/lib/document.js:3197:32)
      at node_modules/mongoose/lib/document.js:2985:17
      at node_modules/mongoose/lib/schematype.js:1350:9

  ÔùÅ Modelo Product ÔÇ║ Actualizaci├│n de fecha ÔÇ║ debe actualizar updatedAt al guardar

    ValidationError: Product validation failed: slug: Path `slug` is required.

      at model.Object.<anonymous>.Document.invalidate 
(node_modules/mongoose/lib/document.js:3197:32)
      at node_modules/mongoose/lib/document.js:2985:17
      at node_modules/mongoose/lib/schematype.js:1350:9

  ÔùÅ Modelo Product ÔÇ║ Validaciones adicionales ÔÇ║ debe aceptar im├ígenes como array

    ValidationError: Product validation failed: slug: Path `slug` is required.

      at model.Object.<anonymous>.Document.invalidate 
(node_modules/mongoose/lib/document.js:3197:32)
      at node_modules/mongoose/lib/document.js:2985:17
      at node_modules/mongoose/lib/schematype.js:1350:9

  ÔùÅ Modelo Product ÔÇ║ Validaciones adicionales ÔÇ║ debe manejar producto destacado

    ValidationError: Product validation failed: slug: Path `slug` is required.

      at model.Object.<anonymous>.Document.invalidate 
(node_modules/mongoose/lib/document.js:3197:32)
      at node_modules/mongoose/lib/document.js:2985:17
      at node_modules/mongoose/lib/schematype.js:1350:9

  ÔùÅ Modelo Product ÔÇ║ Validaciones adicionales ÔÇ║ debe establecer valores por defecto 
correctos

    ValidationError: Product validation failed: slug: Path `slug` is required.

      at model.Object.<anonymous>.Document.invalidate 
(node_modules/mongoose/lib/document.js:3197:32)
      at node_modules/mongoose/lib/document.js:2985:17
      at node_modules/mongoose/lib/schematype.js:1350:9

  ÔùÅ Modelo Product ÔÇ║ M├®todo est├ítico generateUniqueSlug ÔÇ║ debe agregar n├║mero cuando 
slug ya existe

    ValidationError: Product validation failed: slug: Path `slug` is required.

      at model.Object.<anonymous>.Document.invalidate 
(node_modules/mongoose/lib/document.js:3197:32)
      at node_modules/mongoose/lib/document.js:2985:17
      at node_modules/mongoose/lib/schematype.js:1350:9

  console.log
    Ô£à Conexi├│n a MongoDB de pruebas establecida

      at Object.log (tests/setup.js:16:13)

  console.log
    Ô£à Limpieza de pruebas completada

      at Object.log (tests/setup.js:44:13)

FAIL tests/unit/utils/validators.test.js
  Utilidades de Validaci├│n
    Validaci├│n de email
      ├ù debe validar emails correctos (1 ms)
      ÔêÜ debe rechazar emails incorrectos (2 ms)
    Validaci├│n de longitud m├¡nima
      ÔêÜ debe validar strings con longitud suficiente (1 ms)
      ÔêÜ debe rechazar strings muy cortos
      ÔêÜ debe manejar valores no string (1 ms)
    Validaci├│n de tel├®fono
      ÔêÜ debe validar n├║meros de tel├®fono correctos (1 ms)
      ÔêÜ debe rechazar n├║meros incorrectos (1 ms)
    Validaci├│n de SKU
      ÔêÜ debe validar SKUs correctos (1 ms)
      ÔêÜ debe rechazar SKUs incorrectos (1 ms)
    Validaci├│n de precios
      ÔêÜ debe validar precios correctos (1 ms)
      ├ù debe rechazar precios incorrectos (1 ms)
    Validaci├│n de c├│digo postal chileno
      ÔêÜ debe validar c├│digos postales chilenos correctos (1 ms)
      ÔêÜ debe rechazar c├│digos postales incorrectos (1 ms)
    Validaci├│n de URLs
      ÔêÜ debe validar URLs correctas
      ÔêÜ debe rechazar URLs incorrectas (1 ms)
    Sanitizaci├│n de HTML
      ÔêÜ debe sanitizar caracteres especiales (1 ms)
      ÔêÜ debe manejar strings seguros (1 ms)
      ÔêÜ debe manejar valores no string (1 ms)
    Generaci├│n de slugs
      ├ù debe generar slugs correctos (4 ms)
      ├ù debe eliminar caracteres especiales (1 ms)
      ├ù debe manejar espacios m├║ltiples (1 ms)
      ÔêÜ debe manejar valores no string (1 ms)
    Validaci├│n de fechas
      ÔêÜ debe validar fechas correctas (1 ms)
      ÔêÜ debe rechazar fechas incorrectas (1 ms)
    Validaci├│n de RUT chileno
      ÔêÜ debe validar RUTs correctos (1 ms)
      ÔêÜ debe rechazar RUTs incorrectos (2 ms)
      ÔêÜ debe manejar valores no string (1 ms)
    Formateo de RUT
      ÔêÜ debe formatear RUT correctamente
      ÔêÜ debe preservar formato ya correcto
      ÔêÜ debe manejar valores inv├ílidos
    Validaci├│n de tarjeta de cr├®dito
      ÔêÜ debe validar n├║meros de tarjeta conocidos v├ílidos (1 ms)
      ÔêÜ debe rechazar n├║meros de tarjeta incorrectos (1 ms)
      ÔêÜ debe manejar espacios y guiones
    Validaci├│n de objetos
      ÔêÜ debe validar objeto correcto (1 ms)
      ÔêÜ debe detectar campos faltantes (1 ms)
      ÔêÜ debe validar tipos incorrectos (1 ms)
      ÔêÜ debe validar longitudes m├¡nimas y m├íximas (1 ms)
      ÔêÜ debe validar con regex (1 ms)
      ÔêÜ debe validar con funci├│n personalizada (1 ms)
      ÔêÜ debe permitir campos opcionales ausentes (1 ms)

  ÔùÅ Utilidades de Validaci├│n ÔÇ║ Validaci├│n de email ÔÇ║ debe validar emails correctos

    expect(received).toBe(expected) // Object.is equality

    Expected: true
    Received: false

    [0m [90m 13 |[39m
     [90m 14 |[39m       validEmails[33m.[39mforEach(email [33m=>[39m {
    [31m[1m>[22m[39m[90m 15 |[39m         
expect(validators[33m.[39misValidEmail(email))[33m.[39mtoBe([36mtrue[39m)[33m;[39m
     [90m    |[39m                                                [31m[1m^[22m[39m
     [90m 16 |[39m       })[33m;[39m
     [90m 17 |[39m     })[33m;[39m
     [90m 18 |[39m[0m

      at toBe (tests/unit/utils/validators.test.js:15:48)
          at Array.forEach (<anonymous>)
      at Object.forEach (tests/unit/utils/validators.test.js:14:19)

  ÔùÅ Utilidades de Validaci├│n ÔÇ║ Validaci├│n de precios ÔÇ║ debe rechazar precios incorrectos

    expect(received).toBe(expected) // Object.is equality

    Expected: false
    Received: true

    [0m [90m 122 |[39m       expect(validators[33m.[39misValidPrice([33m-[39m[35m10[39m))
[33m.[39mtoBe([36mfalse[39m)[33m;[39m
     [90m 123 |[39m       expect(validators[33m.[39misValidPrice([32m'abc'[39m))[33m.[39mt
oBe([36mfalse[39m)[33m;[39m
    [31m[1m>[22m[39m[90m 124 |[39m       expect(validators[33m.[39misValidPrice([36mnull
[39m))[33m.[39mtoBe([36mfalse[39m)[33m;[39m
     [90m     |[39m                                             [31m[1m^[22m[39m
     [90m 125 |[39m       
expect(validators[33m.[39misValidPrice(undefined))[33m.[39mtoBe([36mfalse[39m)[33m;[39m
     [90m 126 |[39m       
expect(validators[33m.[39misValidPrice([32m''[39m))[33m.[39mtoBe([36mfalse[39m)[33m;[39m
     [90m 127 |[39m     })[33m;[39m[0m

      at Object.toBe (tests/unit/utils/validators.test.js:124:45)

  ÔùÅ Utilidades de Validaci├│n ÔÇ║ Generaci├│n de slugs ÔÇ║ debe generar slugs correctos

    expect(received).toBe(expected) // Object.is equality

    Expected: "titulo-de-prueba"
    Received: "ttulo-de-prueba"

    [0m [90m 207 |[39m   describe([32m'Generaci├│n de slugs'[39m[33m,[39m () [33m=>[39m {
     [90m 208 |[39m     test([32m'debe generar slugs correctos'[39m[33m,[39m () 
[33m=>[39m {
    [31m[1m>[22m[39m[90m 209 |[39m       
expect(validators[33m.[39mgenerateSlug([32m'T├¡tulo de 
Prueba'[39m))[33m.[39mtoBe([32m'titulo-de-prueba'[39m)[33m;[39m
     [90m     |[39m                                                           
[31m[1m^[22m[39m
     [90m 210 |[39m       expect(validators[33m.[39mgenerateSlug([32m'MAY├ÜSCULAS Y 
min├║sculas'[39m))[33m.[39mtoBe([32m'mayusculas-y-minusculas'[39m)[33m;[39m
     [90m 211 |[39m       expect(validators[33m.[39mgenerateSlug([32m'Con n├║meros 
123'[39m))[33m.[39mtoBe([32m'con-numeros-123'[39m)[33m;[39m
     [90m 212 |[39m     })[33m;[39m[0m

      at Object.toBe (tests/unit/utils/validators.test.js:209:59)

  ÔùÅ Utilidades de Validaci├│n ÔÇ║ Generaci├│n de slugs ÔÇ║ debe eliminar caracteres especiales

    expect(received).toBe(expected) // Object.is equality

    Expected: "titulo-con-y"
    Received: "ttulo-con-y-"

    [0m [90m 213 |[39m
     [90m 214 |[39m     test([32m'debe eliminar caracteres especiales'[39m[33m,[39m () 
[33m=>[39m {
    [31m[1m>[22m[39m[90m 215 |[39m       
expect(validators[33m.[39mgenerateSlug([32m'T├¡tulo con ├▒ y 
├í├®├¡├│├║'[39m))[33m.[39mtoBe([32m'titulo-con-y'[39m)[33m;[39m
     [90m     |[39m                                                               
[31m[1m^[22m[39m
     [90m 216 |[39m       expect(validators[33m.[39mgenerateSlug([32m'Texto@con#caracteres$es
peciales'[39m))[33m.[39mtoBe([32m'textoconcaracteresespeciales'[39m)[33m;[39m
     [90m 217 |[39m     })[33m;[39m
     [90m 218 |[39m[0m

      at Object.toBe (tests/unit/utils/validators.test.js:215:63)

  ÔùÅ Utilidades de Validaci├│n ÔÇ║ Generaci├│n de slugs ÔÇ║ debe manejar espacios m├║ltiples

    expect(received).toBe(expected) // Object.is equality

    Expected: "espacios-multiples"
    Received: "espacios-mltiples"

    [0m [90m 218 |[39m
     [90m 219 |[39m     test([32m'debe manejar espacios m├║ltiples'[39m[33m,[39m () 
[33m=>[39m {
    [31m[1m>[22m[39m[90m 220 |[39m       
expect(validators[33m.[39mgenerateSlug([32m'Espacios    
m├║ltiples'[39m))[33m.[39mtoBe([32m'espacios-multiples'[39m)[33m;[39m
     [90m     |[39m                                                                
[31m[1m^[22m[39m
     [90m 221 |[39m     })[33m;[39m
     [90m 222 |[39m
     [90m 223 |[39m     test([32m'debe manejar valores no string'[39m[33m,[39m () 
[33m=>[39m {[0m

      at Object.toBe (tests/unit/utils/validators.test.js:220:64)

  console.log
    Ô£à Conexi├│n a MongoDB de pruebas establecida

      at Object.log (tests/setup.js:16:13)

  console.log
    Ô£à Limpieza de pruebas completada

      at Object.log (tests/setup.js:44:13)

PASS tests/unit/models/user.test.js
  Modelo User
    Creaci├│n de usuarios
      ÔêÜ debe crear un cliente correctamente (106 ms)
      ÔêÜ debe crear un distribuidor correctamente (72 ms)
      ÔêÜ debe encriptar la contrase├▒a autom├íticamente (68 ms)
      ÔêÜ debe requerir campos obligatorios (6 ms)
      ÔêÜ debe validar formato de email (5 ms)
      ÔêÜ debe asignar rol por defecto como client (70 ms)
    M├®todos del usuario
      ÔêÜ getSignedJwtToken debe generar un token v├ílido (69 ms)
      ÔêÜ matchPassword debe validar contrase├▒a correcta (130 ms)
      ÔêÜ matchPassword debe rechazar contrase├▒a incorrecta (130 ms)
    M├®todos de distribuidor
      ÔêÜ isApprovedDistributor debe retornar true para distribuidor aprobado (69 ms)
      ÔêÜ isApprovedDistributor debe retornar false para cliente regular (144 ms)
      ÔêÜ getCartType debe retornar B2B para distribuidor (69 ms)
      ÔêÜ getCartType debe retornar B2C para cliente (139 ms)
      ÔêÜ canAccessWholesalePrices debe retornar true para distribuidor aprobado (71 ms)
      ÔêÜ canAccessWholesalePrices debe retornar false para distribuidor no aprobado (137 ms)
    Validaciones de distribuidor
      ÔêÜ debe requerir companyName para distribuidor (6 ms)
      ÔêÜ debe requerir companyRUT para distribuidor (5 ms)
      ÔêÜ debe establecer valores por defecto para distribuidor (73 ms)
    Unicidad de email
      ÔêÜ no debe permitir emails duplicados (156 ms)
    Longitud de contrase├▒a
      ÔêÜ debe requerir contrase├▒a de al menos 6 caracteres (6 ms)
      ÔêÜ debe aceptar contrase├▒a de 6 caracteres (75 ms)

Test Suites: 9 failed, 1 passed, 10 total
Tests:       129 failed, 142 passed, 271 total
Snapshots:   0 total
Time:        29.768 s, estimated 30 s
Ran all test suites.
